--------------------------------------------------------------------------------
Release 14.7 Trace  (nt64)
Copyright (c) 1995-2013 Xilinx, Inc.  All rights reserved.

C:\Xilinx\14.7\ISE_DS\ISE\bin\nt64\unwrapped\trce.exe -intstyle ise -o
mojo_top_0.twr -v 30 -l 30 mojo_top_0_routed.ncd mojo_top_0.pcf

Design file:              mojo_top_0_routed.ncd
Physical constraint file: mojo_top_0.pcf
Device,package,speed:     xc6slx9,tqg144,C,-2 (PRODUCTION 1.23 2013-10-13)
Report level:             verbose report, limited to 30 items per constraint

Environment Variable      Effect 
--------------------      ------ 
NONE                      No environment variables were set
--------------------------------------------------------------------------------

INFO:Timing:3412 - To improve timing, see the Timing Closure User Guide (UG612).
INFO:Timing:2752 - To get complete path coverage, use the unconstrained paths 
   option. All paths that are not constrained will be reported in the 
   unconstrained paths section(s) of the report.
INFO:Timing:3339 - The clock-to-out numbers in this timing report are based on 
   a 50 Ohm transmission line loading model.  For the details of this model, 
   and for more information on accounting for different loading conditions, 
   please see the device datasheet.

================================================================================
Timing constraint: TS_clk = PERIOD TIMEGRP "clk" 50 MHz HIGH 50%;
For more information, see Period Analysis in the Timing Closure User Guide (UG612).

 4158 paths analyzed, 667 endpoints analyzed, 0 failing endpoints
 0 timing errors detected. (0 setup errors, 0 hold errors, 0 component switching limit errors)
 Minimum period is   5.415ns.
--------------------------------------------------------------------------------
Slack:                  14.585ns (requirement - (data path - clock path skew + uncertainty))
  Source:               buttonHandler/button_cond1/M_ctr_q_17 (FF)
  Destination:          buttonHandler/M_button_q_3 (FF)
  Requirement:          20.000ns
  Data Path Delay:      5.304ns (Levels of Logic = 3)
  Clock Path Skew:      -0.076ns (0.654 - 0.730)
  Source Clock:         clk_BUFGP rising at 0.000ns
  Destination Clock:    clk_BUFGP rising at 20.000ns
  Clock Uncertainty:    0.035ns

  Clock Uncertainty:          0.035ns  ((TSJ^2 + TIJ^2)^1/2 + DJ) / 2 + PE
    Total System Jitter (TSJ):  0.070ns
    Total Input Jitter (TIJ):   0.000ns
    Discrete Jitter (DJ):       0.000ns
    Phase Error (PE):           0.000ns

  Maximum Data Path at Slow Process Corner: buttonHandler/button_cond1/M_ctr_q_17 to buttonHandler/M_button_q_3
    Location             Delay type         Delay(ns)  Physical Resource
                                                       Logical Resource(s)
    -------------------------------------------------  -------------------
    SLICE_X2Y61.BQ       Tcko                  0.476   buttonHandler/button_cond1/M_ctr_q[19]
                                                       buttonHandler/button_cond1/M_ctr_q_17
    SLICE_X3Y58.D1       net (fanout=2)        1.195   buttonHandler/button_cond1/M_ctr_q[17]
    SLICE_X3Y58.D        Tilo                  0.259   buttonHandler/out1
                                                       buttonHandler/button_cond1/out2
    SLICE_X3Y58.B2       net (fanout=3)        0.550   buttonHandler/out1
    SLICE_X3Y58.B        Tilo                  0.259   buttonHandler/out1
                                                       buttonHandler/edge_detector1/out1
    SLICE_X14Y57.A5      net (fanout=4)        1.575   buttonHandler/M_edge_detector1_out
    SLICE_X14Y57.A       Tilo                  0.235   M_buttonHandler_out[4]
                                                       buttonHandler/_n0051_inv
    SLICE_X17Y57.CE      net (fanout=2)        0.347   buttonHandler/_n0051_inv
    SLICE_X17Y57.CLK     Tceck                 0.408   M_buttonHandler_out[3]
                                                       buttonHandler/M_button_q_3
    -------------------------------------------------  ---------------------------
    Total                                      5.304ns (1.637ns logic, 3.667ns route)
                                                       (30.9% logic, 69.1% route)

--------------------------------------------------------------------------------
Slack:                  14.603ns (requirement - (data path - clock path skew + uncertainty))
  Source:               buttonHandler/button_cond1/M_ctr_q_17 (FF)
  Destination:          buttonHandler/M_button_q_2 (FF)
  Requirement:          20.000ns
  Data Path Delay:      5.286ns (Levels of Logic = 3)
  Clock Path Skew:      -0.076ns (0.654 - 0.730)
  Source Clock:         clk_BUFGP rising at 0.000ns
  Destination Clock:    clk_BUFGP rising at 20.000ns
  Clock Uncertainty:    0.035ns

  Clock Uncertainty:          0.035ns  ((TSJ^2 + TIJ^2)^1/2 + DJ) / 2 + PE
    Total System Jitter (TSJ):  0.070ns
    Total Input Jitter (TIJ):   0.000ns
    Discrete Jitter (DJ):       0.000ns
    Phase Error (PE):           0.000ns

  Maximum Data Path at Slow Process Corner: buttonHandler/button_cond1/M_ctr_q_17 to buttonHandler/M_button_q_2
    Location             Delay type         Delay(ns)  Physical Resource
                                                       Logical Resource(s)
    -------------------------------------------------  -------------------
    SLICE_X2Y61.BQ       Tcko                  0.476   buttonHandler/button_cond1/M_ctr_q[19]
                                                       buttonHandler/button_cond1/M_ctr_q_17
    SLICE_X3Y58.D1       net (fanout=2)        1.195   buttonHandler/button_cond1/M_ctr_q[17]
    SLICE_X3Y58.D        Tilo                  0.259   buttonHandler/out1
                                                       buttonHandler/button_cond1/out2
    SLICE_X3Y58.B2       net (fanout=3)        0.550   buttonHandler/out1
    SLICE_X3Y58.B        Tilo                  0.259   buttonHandler/out1
                                                       buttonHandler/edge_detector1/out1
    SLICE_X14Y57.A5      net (fanout=4)        1.575   buttonHandler/M_edge_detector1_out
    SLICE_X14Y57.A       Tilo                  0.235   M_buttonHandler_out[4]
                                                       buttonHandler/_n0051_inv
    SLICE_X17Y57.CE      net (fanout=2)        0.347   buttonHandler/_n0051_inv
    SLICE_X17Y57.CLK     Tceck                 0.390   M_buttonHandler_out[3]
                                                       buttonHandler/M_button_q_2
    -------------------------------------------------  ---------------------------
    Total                                      5.286ns (1.619ns logic, 3.667ns route)
                                                       (30.6% logic, 69.4% route)

--------------------------------------------------------------------------------
Slack:                  14.767ns (requirement - (data path - clock path skew + uncertainty))
  Source:               buttonHandler/button_cond1/M_ctr_q_17 (FF)
  Destination:          buttonHandler/M_button_q_5 (FF)
  Requirement:          20.000ns
  Data Path Delay:      5.121ns (Levels of Logic = 3)
  Clock Path Skew:      -0.077ns (0.653 - 0.730)
  Source Clock:         clk_BUFGP rising at 0.000ns
  Destination Clock:    clk_BUFGP rising at 20.000ns
  Clock Uncertainty:    0.035ns

  Clock Uncertainty:          0.035ns  ((TSJ^2 + TIJ^2)^1/2 + DJ) / 2 + PE
    Total System Jitter (TSJ):  0.070ns
    Total Input Jitter (TIJ):   0.000ns
    Discrete Jitter (DJ):       0.000ns
    Phase Error (PE):           0.000ns

  Maximum Data Path at Slow Process Corner: buttonHandler/button_cond1/M_ctr_q_17 to buttonHandler/M_button_q_5
    Location             Delay type         Delay(ns)  Physical Resource
                                                       Logical Resource(s)
    -------------------------------------------------  -------------------
    SLICE_X2Y61.BQ       Tcko                  0.476   buttonHandler/button_cond1/M_ctr_q[19]
                                                       buttonHandler/button_cond1/M_ctr_q_17
    SLICE_X3Y58.D1       net (fanout=2)        1.195   buttonHandler/button_cond1/M_ctr_q[17]
    SLICE_X3Y58.D        Tilo                  0.259   buttonHandler/out1
                                                       buttonHandler/button_cond1/out2
    SLICE_X3Y58.B2       net (fanout=3)        0.550   buttonHandler/out1
    SLICE_X3Y58.B        Tilo                  0.259   buttonHandler/out1
                                                       buttonHandler/edge_detector1/out1
    SLICE_X14Y57.A5      net (fanout=4)        1.575   buttonHandler/M_edge_detector1_out
    SLICE_X14Y57.A       Tilo                  0.235   M_buttonHandler_out[4]
                                                       buttonHandler/_n0051_inv
    SLICE_X14Y57.CE      net (fanout=2)        0.268   buttonHandler/_n0051_inv
    SLICE_X14Y57.CLK     Tceck                 0.304   M_buttonHandler_out[4]
                                                       buttonHandler/M_button_q_5
    -------------------------------------------------  ---------------------------
    Total                                      5.121ns (1.533ns logic, 3.588ns route)
                                                       (29.9% logic, 70.1% route)

--------------------------------------------------------------------------------
Slack:                  14.782ns (requirement - (data path - clock path skew + uncertainty))
  Source:               buttonHandler/button_cond1/M_ctr_q_17 (FF)
  Destination:          buttonHandler/M_button_q_4 (FF)
  Requirement:          20.000ns
  Data Path Delay:      5.106ns (Levels of Logic = 3)
  Clock Path Skew:      -0.077ns (0.653 - 0.730)
  Source Clock:         clk_BUFGP rising at 0.000ns
  Destination Clock:    clk_BUFGP rising at 20.000ns
  Clock Uncertainty:    0.035ns

  Clock Uncertainty:          0.035ns  ((TSJ^2 + TIJ^2)^1/2 + DJ) / 2 + PE
    Total System Jitter (TSJ):  0.070ns
    Total Input Jitter (TIJ):   0.000ns
    Discrete Jitter (DJ):       0.000ns
    Phase Error (PE):           0.000ns

  Maximum Data Path at Slow Process Corner: buttonHandler/button_cond1/M_ctr_q_17 to buttonHandler/M_button_q_4
    Location             Delay type         Delay(ns)  Physical Resource
                                                       Logical Resource(s)
    -------------------------------------------------  -------------------
    SLICE_X2Y61.BQ       Tcko                  0.476   buttonHandler/button_cond1/M_ctr_q[19]
                                                       buttonHandler/button_cond1/M_ctr_q_17
    SLICE_X3Y58.D1       net (fanout=2)        1.195   buttonHandler/button_cond1/M_ctr_q[17]
    SLICE_X3Y58.D        Tilo                  0.259   buttonHandler/out1
                                                       buttonHandler/button_cond1/out2
    SLICE_X3Y58.B2       net (fanout=3)        0.550   buttonHandler/out1
    SLICE_X3Y58.B        Tilo                  0.259   buttonHandler/out1
                                                       buttonHandler/edge_detector1/out1
    SLICE_X14Y57.A5      net (fanout=4)        1.575   buttonHandler/M_edge_detector1_out
    SLICE_X14Y57.A       Tilo                  0.235   M_buttonHandler_out[4]
                                                       buttonHandler/_n0051_inv
    SLICE_X14Y57.CE      net (fanout=2)        0.268   buttonHandler/_n0051_inv
    SLICE_X14Y57.CLK     Tceck                 0.289   M_buttonHandler_out[4]
                                                       buttonHandler/M_button_q_4
    -------------------------------------------------  ---------------------------
    Total                                      5.106ns (1.518ns logic, 3.588ns route)
                                                       (29.7% logic, 70.3% route)

--------------------------------------------------------------------------------
Slack:                  14.843ns (requirement - (data path - clock path skew + uncertainty))
  Source:               buttonHandler/button_cond1/M_ctr_q_19 (FF)
  Destination:          buttonHandler/M_button_q_3 (FF)
  Requirement:          20.000ns
  Data Path Delay:      5.046ns (Levels of Logic = 3)
  Clock Path Skew:      -0.076ns (0.654 - 0.730)
  Source Clock:         clk_BUFGP rising at 0.000ns
  Destination Clock:    clk_BUFGP rising at 20.000ns
  Clock Uncertainty:    0.035ns

  Clock Uncertainty:          0.035ns  ((TSJ^2 + TIJ^2)^1/2 + DJ) / 2 + PE
    Total System Jitter (TSJ):  0.070ns
    Total Input Jitter (TIJ):   0.000ns
    Discrete Jitter (DJ):       0.000ns
    Phase Error (PE):           0.000ns

  Maximum Data Path at Slow Process Corner: buttonHandler/button_cond1/M_ctr_q_19 to buttonHandler/M_button_q_3
    Location             Delay type         Delay(ns)  Physical Resource
                                                       Logical Resource(s)
    -------------------------------------------------  -------------------
    SLICE_X2Y61.DQ       Tcko                  0.476   buttonHandler/button_cond1/M_ctr_q[19]
                                                       buttonHandler/button_cond1/M_ctr_q_19
    SLICE_X3Y58.D2       net (fanout=2)        0.937   buttonHandler/button_cond1/M_ctr_q[19]
    SLICE_X3Y58.D        Tilo                  0.259   buttonHandler/out1
                                                       buttonHandler/button_cond1/out2
    SLICE_X3Y58.B2       net (fanout=3)        0.550   buttonHandler/out1
    SLICE_X3Y58.B        Tilo                  0.259   buttonHandler/out1
                                                       buttonHandler/edge_detector1/out1
    SLICE_X14Y57.A5      net (fanout=4)        1.575   buttonHandler/M_edge_detector1_out
    SLICE_X14Y57.A       Tilo                  0.235   M_buttonHandler_out[4]
                                                       buttonHandler/_n0051_inv
    SLICE_X17Y57.CE      net (fanout=2)        0.347   buttonHandler/_n0051_inv
    SLICE_X17Y57.CLK     Tceck                 0.408   M_buttonHandler_out[3]
                                                       buttonHandler/M_button_q_3
    -------------------------------------------------  ---------------------------
    Total                                      5.046ns (1.637ns logic, 3.409ns route)
                                                       (32.4% logic, 67.6% route)

--------------------------------------------------------------------------------
Slack:                  14.861ns (requirement - (data path - clock path skew + uncertainty))
  Source:               buttonHandler/button_cond1/M_ctr_q_19 (FF)
  Destination:          buttonHandler/M_button_q_2 (FF)
  Requirement:          20.000ns
  Data Path Delay:      5.028ns (Levels of Logic = 3)
  Clock Path Skew:      -0.076ns (0.654 - 0.730)
  Source Clock:         clk_BUFGP rising at 0.000ns
  Destination Clock:    clk_BUFGP rising at 20.000ns
  Clock Uncertainty:    0.035ns

  Clock Uncertainty:          0.035ns  ((TSJ^2 + TIJ^2)^1/2 + DJ) / 2 + PE
    Total System Jitter (TSJ):  0.070ns
    Total Input Jitter (TIJ):   0.000ns
    Discrete Jitter (DJ):       0.000ns
    Phase Error (PE):           0.000ns

  Maximum Data Path at Slow Process Corner: buttonHandler/button_cond1/M_ctr_q_19 to buttonHandler/M_button_q_2
    Location             Delay type         Delay(ns)  Physical Resource
                                                       Logical Resource(s)
    -------------------------------------------------  -------------------
    SLICE_X2Y61.DQ       Tcko                  0.476   buttonHandler/button_cond1/M_ctr_q[19]
                                                       buttonHandler/button_cond1/M_ctr_q_19
    SLICE_X3Y58.D2       net (fanout=2)        0.937   buttonHandler/button_cond1/M_ctr_q[19]
    SLICE_X3Y58.D        Tilo                  0.259   buttonHandler/out1
                                                       buttonHandler/button_cond1/out2
    SLICE_X3Y58.B2       net (fanout=3)        0.550   buttonHandler/out1
    SLICE_X3Y58.B        Tilo                  0.259   buttonHandler/out1
                                                       buttonHandler/edge_detector1/out1
    SLICE_X14Y57.A5      net (fanout=4)        1.575   buttonHandler/M_edge_detector1_out
    SLICE_X14Y57.A       Tilo                  0.235   M_buttonHandler_out[4]
                                                       buttonHandler/_n0051_inv
    SLICE_X17Y57.CE      net (fanout=2)        0.347   buttonHandler/_n0051_inv
    SLICE_X17Y57.CLK     Tceck                 0.390   M_buttonHandler_out[3]
                                                       buttonHandler/M_button_q_2
    -------------------------------------------------  ---------------------------
    Total                                      5.028ns (1.619ns logic, 3.409ns route)
                                                       (32.2% logic, 67.8% route)

--------------------------------------------------------------------------------
Slack:                  14.862ns (requirement - (data path - clock path skew + uncertainty))
  Source:               buttonHandler/button_cond1/M_ctr_q_17 (FF)
  Destination:          buttonHandler/M_button_q_3 (FF)
  Requirement:          20.000ns
  Data Path Delay:      5.027ns (Levels of Logic = 3)
  Clock Path Skew:      -0.076ns (0.654 - 0.730)
  Source Clock:         clk_BUFGP rising at 0.000ns
  Destination Clock:    clk_BUFGP rising at 20.000ns
  Clock Uncertainty:    0.035ns

  Clock Uncertainty:          0.035ns  ((TSJ^2 + TIJ^2)^1/2 + DJ) / 2 + PE
    Total System Jitter (TSJ):  0.070ns
    Total Input Jitter (TIJ):   0.000ns
    Discrete Jitter (DJ):       0.000ns
    Phase Error (PE):           0.000ns

  Maximum Data Path at Slow Process Corner: buttonHandler/button_cond1/M_ctr_q_17 to buttonHandler/M_button_q_3
    Location             Delay type         Delay(ns)  Physical Resource
                                                       Logical Resource(s)
    -------------------------------------------------  -------------------
    SLICE_X2Y61.BQ       Tcko                  0.476   buttonHandler/button_cond1/M_ctr_q[19]
                                                       buttonHandler/button_cond1/M_ctr_q_17
    SLICE_X3Y58.D1       net (fanout=2)        1.195   buttonHandler/button_cond1/M_ctr_q[17]
    SLICE_X3Y58.D        Tilo                  0.259   buttonHandler/out1
                                                       buttonHandler/button_cond1/out2
    SLICE_X3Y58.B2       net (fanout=3)        0.550   buttonHandler/out1
    SLICE_X3Y58.B        Tilo                  0.259   buttonHandler/out1
                                                       buttonHandler/edge_detector1/out1
    SLICE_X17Y57.C1      net (fanout=4)        1.915   buttonHandler/M_edge_detector1_out
    SLICE_X17Y57.CLK     Tas                   0.373   M_buttonHandler_out[3]
                                                       buttonHandler/Mmux_M_button_d[5]_GND_5_o_mux_13_OUT31
                                                       buttonHandler/M_button_q_3
    -------------------------------------------------  ---------------------------
    Total                                      5.027ns (1.367ns logic, 3.660ns route)
                                                       (27.2% logic, 72.8% route)

--------------------------------------------------------------------------------
Slack:                  14.971ns (requirement - (data path - clock path skew + uncertainty))
  Source:               buttonHandler/button_cond3/M_ctr_q_6 (FF)
  Destination:          buttonHandler/M_button_q_3 (FF)
  Requirement:          20.000ns
  Data Path Delay:      4.939ns (Levels of Logic = 4)
  Clock Path Skew:      -0.055ns (0.654 - 0.709)
  Source Clock:         clk_BUFGP rising at 0.000ns
  Destination Clock:    clk_BUFGP rising at 20.000ns
  Clock Uncertainty:    0.035ns

  Clock Uncertainty:          0.035ns  ((TSJ^2 + TIJ^2)^1/2 + DJ) / 2 + PE
    Total System Jitter (TSJ):  0.070ns
    Total Input Jitter (TIJ):   0.000ns
    Discrete Jitter (DJ):       0.000ns
    Phase Error (PE):           0.000ns

  Maximum Data Path at Slow Process Corner: buttonHandler/button_cond3/M_ctr_q_6 to buttonHandler/M_button_q_3
    Location             Delay type         Delay(ns)  Physical Resource
                                                       Logical Resource(s)
    -------------------------------------------------  -------------------
    SLICE_X8Y58.CQ       Tcko                  0.525   buttonHandler/button_cond3/M_ctr_q[7]
                                                       buttonHandler/button_cond3/M_ctr_q_6
    SLICE_X9Y59.C2       net (fanout=2)        0.724   buttonHandler/button_cond3/M_ctr_q[6]
    SLICE_X9Y59.C        Tilo                  0.259   buttonHandler/M_last_q
                                                       buttonHandler/button_cond3/out1
    SLICE_X9Y59.A2       net (fanout=2)        0.549   buttonHandler/out_3
    SLICE_X9Y59.A        Tilo                  0.259   buttonHandler/M_last_q
                                                       buttonHandler/button_cond3/out4
    SLICE_X14Y57.B5      net (fanout=3)        0.864   buttonHandler/M_button_cond3_out
    SLICE_X14Y57.B       Tilo                  0.235   M_buttonHandler_out[4]
                                                       buttonHandler/_n0051_inv_SW0
    SLICE_X14Y57.A3      net (fanout=1)        0.534   buttonHandler/N16
    SLICE_X14Y57.A       Tilo                  0.235   M_buttonHandler_out[4]
                                                       buttonHandler/_n0051_inv
    SLICE_X17Y57.CE      net (fanout=2)        0.347   buttonHandler/_n0051_inv
    SLICE_X17Y57.CLK     Tceck                 0.408   M_buttonHandler_out[3]
                                                       buttonHandler/M_button_q_3
    -------------------------------------------------  ---------------------------
    Total                                      4.939ns (1.921ns logic, 3.018ns route)
                                                       (38.9% logic, 61.1% route)

--------------------------------------------------------------------------------
Slack:                  14.979ns (requirement - (data path - clock path skew + uncertainty))
  Source:               buttonHandler/button_cond1/M_ctr_q_16 (FF)
  Destination:          buttonHandler/M_button_q_3 (FF)
  Requirement:          20.000ns
  Data Path Delay:      4.910ns (Levels of Logic = 3)
  Clock Path Skew:      -0.076ns (0.654 - 0.730)
  Source Clock:         clk_BUFGP rising at 0.000ns
  Destination Clock:    clk_BUFGP rising at 20.000ns
  Clock Uncertainty:    0.035ns

  Clock Uncertainty:          0.035ns  ((TSJ^2 + TIJ^2)^1/2 + DJ) / 2 + PE
    Total System Jitter (TSJ):  0.070ns
    Total Input Jitter (TIJ):   0.000ns
    Discrete Jitter (DJ):       0.000ns
    Phase Error (PE):           0.000ns

  Maximum Data Path at Slow Process Corner: buttonHandler/button_cond1/M_ctr_q_16 to buttonHandler/M_button_q_3
    Location             Delay type         Delay(ns)  Physical Resource
                                                       Logical Resource(s)
    -------------------------------------------------  -------------------
    SLICE_X2Y61.AQ       Tcko                  0.476   buttonHandler/button_cond1/M_ctr_q[19]
                                                       buttonHandler/button_cond1/M_ctr_q_16
    SLICE_X3Y58.D3       net (fanout=2)        0.801   buttonHandler/button_cond1/M_ctr_q[16]
    SLICE_X3Y58.D        Tilo                  0.259   buttonHandler/out1
                                                       buttonHandler/button_cond1/out2
    SLICE_X3Y58.B2       net (fanout=3)        0.550   buttonHandler/out1
    SLICE_X3Y58.B        Tilo                  0.259   buttonHandler/out1
                                                       buttonHandler/edge_detector1/out1
    SLICE_X14Y57.A5      net (fanout=4)        1.575   buttonHandler/M_edge_detector1_out
    SLICE_X14Y57.A       Tilo                  0.235   M_buttonHandler_out[4]
                                                       buttonHandler/_n0051_inv
    SLICE_X17Y57.CE      net (fanout=2)        0.347   buttonHandler/_n0051_inv
    SLICE_X17Y57.CLK     Tceck                 0.408   M_buttonHandler_out[3]
                                                       buttonHandler/M_button_q_3
    -------------------------------------------------  ---------------------------
    Total                                      4.910ns (1.637ns logic, 3.273ns route)
                                                       (33.3% logic, 66.7% route)

--------------------------------------------------------------------------------
Slack:                  14.981ns (requirement - (data path - clock path skew + uncertainty))
  Source:               buttonHandler/button_cond3/M_ctr_q_7 (FF)
  Destination:          buttonHandler/M_button_q_3 (FF)
  Requirement:          20.000ns
  Data Path Delay:      4.929ns (Levels of Logic = 4)
  Clock Path Skew:      -0.055ns (0.654 - 0.709)
  Source Clock:         clk_BUFGP rising at 0.000ns
  Destination Clock:    clk_BUFGP rising at 20.000ns
  Clock Uncertainty:    0.035ns

  Clock Uncertainty:          0.035ns  ((TSJ^2 + TIJ^2)^1/2 + DJ) / 2 + PE
    Total System Jitter (TSJ):  0.070ns
    Total Input Jitter (TIJ):   0.000ns
    Discrete Jitter (DJ):       0.000ns
    Phase Error (PE):           0.000ns

  Maximum Data Path at Slow Process Corner: buttonHandler/button_cond3/M_ctr_q_7 to buttonHandler/M_button_q_3
    Location             Delay type         Delay(ns)  Physical Resource
                                                       Logical Resource(s)
    -------------------------------------------------  -------------------
    SLICE_X8Y58.DQ       Tcko                  0.525   buttonHandler/button_cond3/M_ctr_q[7]
                                                       buttonHandler/button_cond3/M_ctr_q_7
    SLICE_X9Y59.C1       net (fanout=2)        0.714   buttonHandler/button_cond3/M_ctr_q[7]
    SLICE_X9Y59.C        Tilo                  0.259   buttonHandler/M_last_q
                                                       buttonHandler/button_cond3/out1
    SLICE_X9Y59.A2       net (fanout=2)        0.549   buttonHandler/out_3
    SLICE_X9Y59.A        Tilo                  0.259   buttonHandler/M_last_q
                                                       buttonHandler/button_cond3/out4
    SLICE_X14Y57.B5      net (fanout=3)        0.864   buttonHandler/M_button_cond3_out
    SLICE_X14Y57.B       Tilo                  0.235   M_buttonHandler_out[4]
                                                       buttonHandler/_n0051_inv_SW0
    SLICE_X14Y57.A3      net (fanout=1)        0.534   buttonHandler/N16
    SLICE_X14Y57.A       Tilo                  0.235   M_buttonHandler_out[4]
                                                       buttonHandler/_n0051_inv
    SLICE_X17Y57.CE      net (fanout=2)        0.347   buttonHandler/_n0051_inv
    SLICE_X17Y57.CLK     Tceck                 0.408   M_buttonHandler_out[3]
                                                       buttonHandler/M_button_q_3
    -------------------------------------------------  ---------------------------
    Total                                      4.929ns (1.921ns logic, 3.008ns route)
                                                       (39.0% logic, 61.0% route)

--------------------------------------------------------------------------------
Slack:                  14.989ns (requirement - (data path - clock path skew + uncertainty))
  Source:               buttonHandler/button_cond3/M_ctr_q_6 (FF)
  Destination:          buttonHandler/M_button_q_2 (FF)
  Requirement:          20.000ns
  Data Path Delay:      4.921ns (Levels of Logic = 4)
  Clock Path Skew:      -0.055ns (0.654 - 0.709)
  Source Clock:         clk_BUFGP rising at 0.000ns
  Destination Clock:    clk_BUFGP rising at 20.000ns
  Clock Uncertainty:    0.035ns

  Clock Uncertainty:          0.035ns  ((TSJ^2 + TIJ^2)^1/2 + DJ) / 2 + PE
    Total System Jitter (TSJ):  0.070ns
    Total Input Jitter (TIJ):   0.000ns
    Discrete Jitter (DJ):       0.000ns
    Phase Error (PE):           0.000ns

  Maximum Data Path at Slow Process Corner: buttonHandler/button_cond3/M_ctr_q_6 to buttonHandler/M_button_q_2
    Location             Delay type         Delay(ns)  Physical Resource
                                                       Logical Resource(s)
    -------------------------------------------------  -------------------
    SLICE_X8Y58.CQ       Tcko                  0.525   buttonHandler/button_cond3/M_ctr_q[7]
                                                       buttonHandler/button_cond3/M_ctr_q_6
    SLICE_X9Y59.C2       net (fanout=2)        0.724   buttonHandler/button_cond3/M_ctr_q[6]
    SLICE_X9Y59.C        Tilo                  0.259   buttonHandler/M_last_q
                                                       buttonHandler/button_cond3/out1
    SLICE_X9Y59.A2       net (fanout=2)        0.549   buttonHandler/out_3
    SLICE_X9Y59.A        Tilo                  0.259   buttonHandler/M_last_q
                                                       buttonHandler/button_cond3/out4
    SLICE_X14Y57.B5      net (fanout=3)        0.864   buttonHandler/M_button_cond3_out
    SLICE_X14Y57.B       Tilo                  0.235   M_buttonHandler_out[4]
                                                       buttonHandler/_n0051_inv_SW0
    SLICE_X14Y57.A3      net (fanout=1)        0.534   buttonHandler/N16
    SLICE_X14Y57.A       Tilo                  0.235   M_buttonHandler_out[4]
                                                       buttonHandler/_n0051_inv
    SLICE_X17Y57.CE      net (fanout=2)        0.347   buttonHandler/_n0051_inv
    SLICE_X17Y57.CLK     Tceck                 0.390   M_buttonHandler_out[3]
                                                       buttonHandler/M_button_q_2
    -------------------------------------------------  ---------------------------
    Total                                      4.921ns (1.903ns logic, 3.018ns route)
                                                       (38.7% logic, 61.3% route)

--------------------------------------------------------------------------------
Slack:                  14.997ns (requirement - (data path - clock path skew + uncertainty))
  Source:               buttonHandler/button_cond1/M_ctr_q_16 (FF)
  Destination:          buttonHandler/M_button_q_2 (FF)
  Requirement:          20.000ns
  Data Path Delay:      4.892ns (Levels of Logic = 3)
  Clock Path Skew:      -0.076ns (0.654 - 0.730)
  Source Clock:         clk_BUFGP rising at 0.000ns
  Destination Clock:    clk_BUFGP rising at 20.000ns
  Clock Uncertainty:    0.035ns

  Clock Uncertainty:          0.035ns  ((TSJ^2 + TIJ^2)^1/2 + DJ) / 2 + PE
    Total System Jitter (TSJ):  0.070ns
    Total Input Jitter (TIJ):   0.000ns
    Discrete Jitter (DJ):       0.000ns
    Phase Error (PE):           0.000ns

  Maximum Data Path at Slow Process Corner: buttonHandler/button_cond1/M_ctr_q_16 to buttonHandler/M_button_q_2
    Location             Delay type         Delay(ns)  Physical Resource
                                                       Logical Resource(s)
    -------------------------------------------------  -------------------
    SLICE_X2Y61.AQ       Tcko                  0.476   buttonHandler/button_cond1/M_ctr_q[19]
                                                       buttonHandler/button_cond1/M_ctr_q_16
    SLICE_X3Y58.D3       net (fanout=2)        0.801   buttonHandler/button_cond1/M_ctr_q[16]
    SLICE_X3Y58.D        Tilo                  0.259   buttonHandler/out1
                                                       buttonHandler/button_cond1/out2
    SLICE_X3Y58.B2       net (fanout=3)        0.550   buttonHandler/out1
    SLICE_X3Y58.B        Tilo                  0.259   buttonHandler/out1
                                                       buttonHandler/edge_detector1/out1
    SLICE_X14Y57.A5      net (fanout=4)        1.575   buttonHandler/M_edge_detector1_out
    SLICE_X14Y57.A       Tilo                  0.235   M_buttonHandler_out[4]
                                                       buttonHandler/_n0051_inv
    SLICE_X17Y57.CE      net (fanout=2)        0.347   buttonHandler/_n0051_inv
    SLICE_X17Y57.CLK     Tceck                 0.390   M_buttonHandler_out[3]
                                                       buttonHandler/M_button_q_2
    -------------------------------------------------  ---------------------------
    Total                                      4.892ns (1.619ns logic, 3.273ns route)
                                                       (33.1% logic, 66.9% route)

--------------------------------------------------------------------------------
Slack:                  14.999ns (requirement - (data path - clock path skew + uncertainty))
  Source:               buttonHandler/button_cond3/M_ctr_q_7 (FF)
  Destination:          buttonHandler/M_button_q_2 (FF)
  Requirement:          20.000ns
  Data Path Delay:      4.911ns (Levels of Logic = 4)
  Clock Path Skew:      -0.055ns (0.654 - 0.709)
  Source Clock:         clk_BUFGP rising at 0.000ns
  Destination Clock:    clk_BUFGP rising at 20.000ns
  Clock Uncertainty:    0.035ns

  Clock Uncertainty:          0.035ns  ((TSJ^2 + TIJ^2)^1/2 + DJ) / 2 + PE
    Total System Jitter (TSJ):  0.070ns
    Total Input Jitter (TIJ):   0.000ns
    Discrete Jitter (DJ):       0.000ns
    Phase Error (PE):           0.000ns

  Maximum Data Path at Slow Process Corner: buttonHandler/button_cond3/M_ctr_q_7 to buttonHandler/M_button_q_2
    Location             Delay type         Delay(ns)  Physical Resource
                                                       Logical Resource(s)
    -------------------------------------------------  -------------------
    SLICE_X8Y58.DQ       Tcko                  0.525   buttonHandler/button_cond3/M_ctr_q[7]
                                                       buttonHandler/button_cond3/M_ctr_q_7
    SLICE_X9Y59.C1       net (fanout=2)        0.714   buttonHandler/button_cond3/M_ctr_q[7]
    SLICE_X9Y59.C        Tilo                  0.259   buttonHandler/M_last_q
                                                       buttonHandler/button_cond3/out1
    SLICE_X9Y59.A2       net (fanout=2)        0.549   buttonHandler/out_3
    SLICE_X9Y59.A        Tilo                  0.259   buttonHandler/M_last_q
                                                       buttonHandler/button_cond3/out4
    SLICE_X14Y57.B5      net (fanout=3)        0.864   buttonHandler/M_button_cond3_out
    SLICE_X14Y57.B       Tilo                  0.235   M_buttonHandler_out[4]
                                                       buttonHandler/_n0051_inv_SW0
    SLICE_X14Y57.A3      net (fanout=1)        0.534   buttonHandler/N16
    SLICE_X14Y57.A       Tilo                  0.235   M_buttonHandler_out[4]
                                                       buttonHandler/_n0051_inv
    SLICE_X17Y57.CE      net (fanout=2)        0.347   buttonHandler/_n0051_inv
    SLICE_X17Y57.CLK     Tceck                 0.390   M_buttonHandler_out[3]
                                                       buttonHandler/M_button_q_2
    -------------------------------------------------  ---------------------------
    Total                                      4.911ns (1.903ns logic, 3.008ns route)
                                                       (38.7% logic, 61.3% route)

--------------------------------------------------------------------------------
Slack:                  15.012ns (requirement - (data path - clock path skew + uncertainty))
  Source:               buttonHandler/button_cond1/M_ctr_q_17 (FF)
  Destination:          buttonHandler/M_button_q_2 (FF)
  Requirement:          20.000ns
  Data Path Delay:      4.877ns (Levels of Logic = 3)
  Clock Path Skew:      -0.076ns (0.654 - 0.730)
  Source Clock:         clk_BUFGP rising at 0.000ns
  Destination Clock:    clk_BUFGP rising at 20.000ns
  Clock Uncertainty:    0.035ns

  Clock Uncertainty:          0.035ns  ((TSJ^2 + TIJ^2)^1/2 + DJ) / 2 + PE
    Total System Jitter (TSJ):  0.070ns
    Total Input Jitter (TIJ):   0.000ns
    Discrete Jitter (DJ):       0.000ns
    Phase Error (PE):           0.000ns

  Maximum Data Path at Slow Process Corner: buttonHandler/button_cond1/M_ctr_q_17 to buttonHandler/M_button_q_2
    Location             Delay type         Delay(ns)  Physical Resource
                                                       Logical Resource(s)
    -------------------------------------------------  -------------------
    SLICE_X2Y61.BQ       Tcko                  0.476   buttonHandler/button_cond1/M_ctr_q[19]
                                                       buttonHandler/button_cond1/M_ctr_q_17
    SLICE_X3Y58.D1       net (fanout=2)        1.195   buttonHandler/button_cond1/M_ctr_q[17]
    SLICE_X3Y58.D        Tilo                  0.259   buttonHandler/out1
                                                       buttonHandler/button_cond1/out2
    SLICE_X3Y58.B2       net (fanout=3)        0.550   buttonHandler/out1
    SLICE_X3Y58.B        Tilo                  0.259   buttonHandler/out1
                                                       buttonHandler/edge_detector1/out1
    SLICE_X17Y57.B3      net (fanout=4)        1.765   buttonHandler/M_edge_detector1_out
    SLICE_X17Y57.CLK     Tas                   0.373   M_buttonHandler_out[3]
                                                       buttonHandler/Mmux_M_button_d[5]_GND_5_o_mux_13_OUT21
                                                       buttonHandler/M_button_q_2
    -------------------------------------------------  ---------------------------
    Total                                      4.877ns (1.367ns logic, 3.510ns route)
                                                       (28.0% logic, 72.0% route)

--------------------------------------------------------------------------------
Slack:                  15.025ns (requirement - (data path - clock path skew + uncertainty))
  Source:               buttonHandler/button_cond1/M_ctr_q_19 (FF)
  Destination:          buttonHandler/M_button_q_5 (FF)
  Requirement:          20.000ns
  Data Path Delay:      4.863ns (Levels of Logic = 3)
  Clock Path Skew:      -0.077ns (0.653 - 0.730)
  Source Clock:         clk_BUFGP rising at 0.000ns
  Destination Clock:    clk_BUFGP rising at 20.000ns
  Clock Uncertainty:    0.035ns

  Clock Uncertainty:          0.035ns  ((TSJ^2 + TIJ^2)^1/2 + DJ) / 2 + PE
    Total System Jitter (TSJ):  0.070ns
    Total Input Jitter (TIJ):   0.000ns
    Discrete Jitter (DJ):       0.000ns
    Phase Error (PE):           0.000ns

  Maximum Data Path at Slow Process Corner: buttonHandler/button_cond1/M_ctr_q_19 to buttonHandler/M_button_q_5
    Location             Delay type         Delay(ns)  Physical Resource
                                                       Logical Resource(s)
    -------------------------------------------------  -------------------
    SLICE_X2Y61.DQ       Tcko                  0.476   buttonHandler/button_cond1/M_ctr_q[19]
                                                       buttonHandler/button_cond1/M_ctr_q_19
    SLICE_X3Y58.D2       net (fanout=2)        0.937   buttonHandler/button_cond1/M_ctr_q[19]
    SLICE_X3Y58.D        Tilo                  0.259   buttonHandler/out1
                                                       buttonHandler/button_cond1/out2
    SLICE_X3Y58.B2       net (fanout=3)        0.550   buttonHandler/out1
    SLICE_X3Y58.B        Tilo                  0.259   buttonHandler/out1
                                                       buttonHandler/edge_detector1/out1
    SLICE_X14Y57.A5      net (fanout=4)        1.575   buttonHandler/M_edge_detector1_out
    SLICE_X14Y57.A       Tilo                  0.235   M_buttonHandler_out[4]
                                                       buttonHandler/_n0051_inv
    SLICE_X14Y57.CE      net (fanout=2)        0.268   buttonHandler/_n0051_inv
    SLICE_X14Y57.CLK     Tceck                 0.304   M_buttonHandler_out[4]
                                                       buttonHandler/M_button_q_5
    -------------------------------------------------  ---------------------------
    Total                                      4.863ns (1.533ns logic, 3.330ns route)
                                                       (31.5% logic, 68.5% route)

--------------------------------------------------------------------------------
Slack:                  15.040ns (requirement - (data path - clock path skew + uncertainty))
  Source:               buttonHandler/button_cond1/M_ctr_q_19 (FF)
  Destination:          buttonHandler/M_button_q_4 (FF)
  Requirement:          20.000ns
  Data Path Delay:      4.848ns (Levels of Logic = 3)
  Clock Path Skew:      -0.077ns (0.653 - 0.730)
  Source Clock:         clk_BUFGP rising at 0.000ns
  Destination Clock:    clk_BUFGP rising at 20.000ns
  Clock Uncertainty:    0.035ns

  Clock Uncertainty:          0.035ns  ((TSJ^2 + TIJ^2)^1/2 + DJ) / 2 + PE
    Total System Jitter (TSJ):  0.070ns
    Total Input Jitter (TIJ):   0.000ns
    Discrete Jitter (DJ):       0.000ns
    Phase Error (PE):           0.000ns

  Maximum Data Path at Slow Process Corner: buttonHandler/button_cond1/M_ctr_q_19 to buttonHandler/M_button_q_4
    Location             Delay type         Delay(ns)  Physical Resource
                                                       Logical Resource(s)
    -------------------------------------------------  -------------------
    SLICE_X2Y61.DQ       Tcko                  0.476   buttonHandler/button_cond1/M_ctr_q[19]
                                                       buttonHandler/button_cond1/M_ctr_q_19
    SLICE_X3Y58.D2       net (fanout=2)        0.937   buttonHandler/button_cond1/M_ctr_q[19]
    SLICE_X3Y58.D        Tilo                  0.259   buttonHandler/out1
                                                       buttonHandler/button_cond1/out2
    SLICE_X3Y58.B2       net (fanout=3)        0.550   buttonHandler/out1
    SLICE_X3Y58.B        Tilo                  0.259   buttonHandler/out1
                                                       buttonHandler/edge_detector1/out1
    SLICE_X14Y57.A5      net (fanout=4)        1.575   buttonHandler/M_edge_detector1_out
    SLICE_X14Y57.A       Tilo                  0.235   M_buttonHandler_out[4]
                                                       buttonHandler/_n0051_inv
    SLICE_X14Y57.CE      net (fanout=2)        0.268   buttonHandler/_n0051_inv
    SLICE_X14Y57.CLK     Tceck                 0.289   M_buttonHandler_out[4]
                                                       buttonHandler/M_button_q_4
    -------------------------------------------------  ---------------------------
    Total                                      4.848ns (1.518ns logic, 3.330ns route)
                                                       (31.3% logic, 68.7% route)

--------------------------------------------------------------------------------
Slack:                  15.050ns (requirement - (data path - clock path skew + uncertainty))
  Source:               buttonHandler/button_cond1/M_ctr_q_17 (FF)
  Destination:          buttonHandler/M_button_q_4 (FF)
  Requirement:          20.000ns
  Data Path Delay:      4.838ns (Levels of Logic = 3)
  Clock Path Skew:      -0.077ns (0.653 - 0.730)
  Source Clock:         clk_BUFGP rising at 0.000ns
  Destination Clock:    clk_BUFGP rising at 20.000ns
  Clock Uncertainty:    0.035ns

  Clock Uncertainty:          0.035ns  ((TSJ^2 + TIJ^2)^1/2 + DJ) / 2 + PE
    Total System Jitter (TSJ):  0.070ns
    Total Input Jitter (TIJ):   0.000ns
    Discrete Jitter (DJ):       0.000ns
    Phase Error (PE):           0.000ns

  Maximum Data Path at Slow Process Corner: buttonHandler/button_cond1/M_ctr_q_17 to buttonHandler/M_button_q_4
    Location             Delay type         Delay(ns)  Physical Resource
                                                       Logical Resource(s)
    -------------------------------------------------  -------------------
    SLICE_X2Y61.BQ       Tcko                  0.476   buttonHandler/button_cond1/M_ctr_q[19]
                                                       buttonHandler/button_cond1/M_ctr_q_17
    SLICE_X3Y58.D1       net (fanout=2)        1.195   buttonHandler/button_cond1/M_ctr_q[17]
    SLICE_X3Y58.D        Tilo                  0.259   buttonHandler/out1
                                                       buttonHandler/button_cond1/out2
    SLICE_X3Y58.B2       net (fanout=3)        0.550   buttonHandler/out1
    SLICE_X3Y58.B        Tilo                  0.259   buttonHandler/out1
                                                       buttonHandler/edge_detector1/out1
    SLICE_X14Y57.C4      net (fanout=4)        1.750   buttonHandler/M_edge_detector1_out
    SLICE_X14Y57.CLK     Tas                   0.349   M_buttonHandler_out[4]
                                                       buttonHandler/Mmux_M_button_d[5]_GND_5_o_mux_13_OUT41
                                                       buttonHandler/M_button_q_4
    -------------------------------------------------  ---------------------------
    Total                                      4.838ns (1.343ns logic, 3.495ns route)
                                                       (27.8% logic, 72.2% route)

--------------------------------------------------------------------------------
Slack:                  15.062ns (requirement - (data path - clock path skew + uncertainty))
  Source:               buttonHandler/button_cond1/M_ctr_q_15 (FF)
  Destination:          buttonHandler/M_button_q_3 (FF)
  Requirement:          20.000ns
  Data Path Delay:      4.829ns (Levels of Logic = 3)
  Clock Path Skew:      -0.074ns (0.654 - 0.728)
  Source Clock:         clk_BUFGP rising at 0.000ns
  Destination Clock:    clk_BUFGP rising at 20.000ns
  Clock Uncertainty:    0.035ns

  Clock Uncertainty:          0.035ns  ((TSJ^2 + TIJ^2)^1/2 + DJ) / 2 + PE
    Total System Jitter (TSJ):  0.070ns
    Total Input Jitter (TIJ):   0.000ns
    Discrete Jitter (DJ):       0.000ns
    Phase Error (PE):           0.000ns

  Maximum Data Path at Slow Process Corner: buttonHandler/button_cond1/M_ctr_q_15 to buttonHandler/M_button_q_3
    Location             Delay type         Delay(ns)  Physical Resource
                                                       Logical Resource(s)
    -------------------------------------------------  -------------------
    SLICE_X2Y60.DQ       Tcko                  0.476   buttonHandler/button_cond1/M_ctr_q[15]
                                                       buttonHandler/button_cond1/M_ctr_q_15
    SLICE_X3Y58.D4       net (fanout=2)        0.720   buttonHandler/button_cond1/M_ctr_q[15]
    SLICE_X3Y58.D        Tilo                  0.259   buttonHandler/out1
                                                       buttonHandler/button_cond1/out2
    SLICE_X3Y58.B2       net (fanout=3)        0.550   buttonHandler/out1
    SLICE_X3Y58.B        Tilo                  0.259   buttonHandler/out1
                                                       buttonHandler/edge_detector1/out1
    SLICE_X14Y57.A5      net (fanout=4)        1.575   buttonHandler/M_edge_detector1_out
    SLICE_X14Y57.A       Tilo                  0.235   M_buttonHandler_out[4]
                                                       buttonHandler/_n0051_inv
    SLICE_X17Y57.CE      net (fanout=2)        0.347   buttonHandler/_n0051_inv
    SLICE_X17Y57.CLK     Tceck                 0.408   M_buttonHandler_out[3]
                                                       buttonHandler/M_button_q_3
    -------------------------------------------------  ---------------------------
    Total                                      4.829ns (1.637ns logic, 3.192ns route)
                                                       (33.9% logic, 66.1% route)

--------------------------------------------------------------------------------
Slack:                  15.075ns (requirement - (data path - clock path skew + uncertainty))
  Source:               buttonHandler/button_cond1/M_ctr_q_4 (FF)
  Destination:          buttonHandler/M_button_q_3 (FF)
  Requirement:          20.000ns
  Data Path Delay:      4.820ns (Levels of Logic = 3)
  Clock Path Skew:      -0.070ns (0.654 - 0.724)
  Source Clock:         clk_BUFGP rising at 0.000ns
  Destination Clock:    clk_BUFGP rising at 20.000ns
  Clock Uncertainty:    0.035ns

  Clock Uncertainty:          0.035ns  ((TSJ^2 + TIJ^2)^1/2 + DJ) / 2 + PE
    Total System Jitter (TSJ):  0.070ns
    Total Input Jitter (TIJ):   0.000ns
    Discrete Jitter (DJ):       0.000ns
    Phase Error (PE):           0.000ns

  Maximum Data Path at Slow Process Corner: buttonHandler/button_cond1/M_ctr_q_4 to buttonHandler/M_button_q_3
    Location             Delay type         Delay(ns)  Physical Resource
                                                       Logical Resource(s)
    -------------------------------------------------  -------------------
    SLICE_X2Y58.AQ       Tcko                  0.476   buttonHandler/button_cond1/M_ctr_q[7]
                                                       buttonHandler/button_cond1/M_ctr_q_4
    SLICE_X3Y58.C1       net (fanout=2)        0.902   buttonHandler/button_cond1/M_ctr_q[4]
    SLICE_X3Y58.C        Tilo                  0.259   buttonHandler/out1
                                                       buttonHandler/button_cond1/out1
    SLICE_X3Y58.B4       net (fanout=3)        0.359   buttonHandler/out
    SLICE_X3Y58.B        Tilo                  0.259   buttonHandler/out1
                                                       buttonHandler/edge_detector1/out1
    SLICE_X14Y57.A5      net (fanout=4)        1.575   buttonHandler/M_edge_detector1_out
    SLICE_X14Y57.A       Tilo                  0.235   M_buttonHandler_out[4]
                                                       buttonHandler/_n0051_inv
    SLICE_X17Y57.CE      net (fanout=2)        0.347   buttonHandler/_n0051_inv
    SLICE_X17Y57.CLK     Tceck                 0.408   M_buttonHandler_out[3]
                                                       buttonHandler/M_button_q_3
    -------------------------------------------------  ---------------------------
    Total                                      4.820ns (1.637ns logic, 3.183ns route)
                                                       (34.0% logic, 66.0% route)

--------------------------------------------------------------------------------
Slack:                  15.080ns (requirement - (data path - clock path skew + uncertainty))
  Source:               buttonHandler/button_cond1/M_ctr_q_15 (FF)
  Destination:          buttonHandler/M_button_q_2 (FF)
  Requirement:          20.000ns
  Data Path Delay:      4.811ns (Levels of Logic = 3)
  Clock Path Skew:      -0.074ns (0.654 - 0.728)
  Source Clock:         clk_BUFGP rising at 0.000ns
  Destination Clock:    clk_BUFGP rising at 20.000ns
  Clock Uncertainty:    0.035ns

  Clock Uncertainty:          0.035ns  ((TSJ^2 + TIJ^2)^1/2 + DJ) / 2 + PE
    Total System Jitter (TSJ):  0.070ns
    Total Input Jitter (TIJ):   0.000ns
    Discrete Jitter (DJ):       0.000ns
    Phase Error (PE):           0.000ns

  Maximum Data Path at Slow Process Corner: buttonHandler/button_cond1/M_ctr_q_15 to buttonHandler/M_button_q_2
    Location             Delay type         Delay(ns)  Physical Resource
                                                       Logical Resource(s)
    -------------------------------------------------  -------------------
    SLICE_X2Y60.DQ       Tcko                  0.476   buttonHandler/button_cond1/M_ctr_q[15]
                                                       buttonHandler/button_cond1/M_ctr_q_15
    SLICE_X3Y58.D4       net (fanout=2)        0.720   buttonHandler/button_cond1/M_ctr_q[15]
    SLICE_X3Y58.D        Tilo                  0.259   buttonHandler/out1
                                                       buttonHandler/button_cond1/out2
    SLICE_X3Y58.B2       net (fanout=3)        0.550   buttonHandler/out1
    SLICE_X3Y58.B        Tilo                  0.259   buttonHandler/out1
                                                       buttonHandler/edge_detector1/out1
    SLICE_X14Y57.A5      net (fanout=4)        1.575   buttonHandler/M_edge_detector1_out
    SLICE_X14Y57.A       Tilo                  0.235   M_buttonHandler_out[4]
                                                       buttonHandler/_n0051_inv
    SLICE_X17Y57.CE      net (fanout=2)        0.347   buttonHandler/_n0051_inv
    SLICE_X17Y57.CLK     Tceck                 0.390   M_buttonHandler_out[3]
                                                       buttonHandler/M_button_q_2
    -------------------------------------------------  ---------------------------
    Total                                      4.811ns (1.619ns logic, 3.192ns route)
                                                       (33.7% logic, 66.3% route)

--------------------------------------------------------------------------------
Slack:                  15.093ns (requirement - (data path - clock path skew + uncertainty))
  Source:               buttonHandler/button_cond1/M_ctr_q_4 (FF)
  Destination:          buttonHandler/M_button_q_2 (FF)
  Requirement:          20.000ns
  Data Path Delay:      4.802ns (Levels of Logic = 3)
  Clock Path Skew:      -0.070ns (0.654 - 0.724)
  Source Clock:         clk_BUFGP rising at 0.000ns
  Destination Clock:    clk_BUFGP rising at 20.000ns
  Clock Uncertainty:    0.035ns

  Clock Uncertainty:          0.035ns  ((TSJ^2 + TIJ^2)^1/2 + DJ) / 2 + PE
    Total System Jitter (TSJ):  0.070ns
    Total Input Jitter (TIJ):   0.000ns
    Discrete Jitter (DJ):       0.000ns
    Phase Error (PE):           0.000ns

  Maximum Data Path at Slow Process Corner: buttonHandler/button_cond1/M_ctr_q_4 to buttonHandler/M_button_q_2
    Location             Delay type         Delay(ns)  Physical Resource
                                                       Logical Resource(s)
    -------------------------------------------------  -------------------
    SLICE_X2Y58.AQ       Tcko                  0.476   buttonHandler/button_cond1/M_ctr_q[7]
                                                       buttonHandler/button_cond1/M_ctr_q_4
    SLICE_X3Y58.C1       net (fanout=2)        0.902   buttonHandler/button_cond1/M_ctr_q[4]
    SLICE_X3Y58.C        Tilo                  0.259   buttonHandler/out1
                                                       buttonHandler/button_cond1/out1
    SLICE_X3Y58.B4       net (fanout=3)        0.359   buttonHandler/out
    SLICE_X3Y58.B        Tilo                  0.259   buttonHandler/out1
                                                       buttonHandler/edge_detector1/out1
    SLICE_X14Y57.A5      net (fanout=4)        1.575   buttonHandler/M_edge_detector1_out
    SLICE_X14Y57.A       Tilo                  0.235   M_buttonHandler_out[4]
                                                       buttonHandler/_n0051_inv
    SLICE_X17Y57.CE      net (fanout=2)        0.347   buttonHandler/_n0051_inv
    SLICE_X17Y57.CLK     Tceck                 0.390   M_buttonHandler_out[3]
                                                       buttonHandler/M_button_q_2
    -------------------------------------------------  ---------------------------
    Total                                      4.802ns (1.619ns logic, 3.183ns route)
                                                       (33.7% logic, 66.3% route)

--------------------------------------------------------------------------------
Slack:                  15.120ns (requirement - (data path - clock path skew + uncertainty))
  Source:               buttonHandler/button_cond1/M_ctr_q_19 (FF)
  Destination:          buttonHandler/M_button_q_3 (FF)
  Requirement:          20.000ns
  Data Path Delay:      4.769ns (Levels of Logic = 3)
  Clock Path Skew:      -0.076ns (0.654 - 0.730)
  Source Clock:         clk_BUFGP rising at 0.000ns
  Destination Clock:    clk_BUFGP rising at 20.000ns
  Clock Uncertainty:    0.035ns

  Clock Uncertainty:          0.035ns  ((TSJ^2 + TIJ^2)^1/2 + DJ) / 2 + PE
    Total System Jitter (TSJ):  0.070ns
    Total Input Jitter (TIJ):   0.000ns
    Discrete Jitter (DJ):       0.000ns
    Phase Error (PE):           0.000ns

  Maximum Data Path at Slow Process Corner: buttonHandler/button_cond1/M_ctr_q_19 to buttonHandler/M_button_q_3
    Location             Delay type         Delay(ns)  Physical Resource
                                                       Logical Resource(s)
    -------------------------------------------------  -------------------
    SLICE_X2Y61.DQ       Tcko                  0.476   buttonHandler/button_cond1/M_ctr_q[19]
                                                       buttonHandler/button_cond1/M_ctr_q_19
    SLICE_X3Y58.D2       net (fanout=2)        0.937   buttonHandler/button_cond1/M_ctr_q[19]
    SLICE_X3Y58.D        Tilo                  0.259   buttonHandler/out1
                                                       buttonHandler/button_cond1/out2
    SLICE_X3Y58.B2       net (fanout=3)        0.550   buttonHandler/out1
    SLICE_X3Y58.B        Tilo                  0.259   buttonHandler/out1
                                                       buttonHandler/edge_detector1/out1
    SLICE_X17Y57.C1      net (fanout=4)        1.915   buttonHandler/M_edge_detector1_out
    SLICE_X17Y57.CLK     Tas                   0.373   M_buttonHandler_out[3]
                                                       buttonHandler/Mmux_M_button_d[5]_GND_5_o_mux_13_OUT31
                                                       buttonHandler/M_button_q_3
    -------------------------------------------------  ---------------------------
    Total                                      4.769ns (1.367ns logic, 3.402ns route)
                                                       (28.7% logic, 71.3% route)

--------------------------------------------------------------------------------
Slack:                  15.143ns (requirement - (data path - clock path skew + uncertainty))
  Source:               buttonHandler/button_cond3/M_ctr_q_4 (FF)
  Destination:          buttonHandler/M_button_q_3 (FF)
  Requirement:          20.000ns
  Data Path Delay:      4.767ns (Levels of Logic = 4)
  Clock Path Skew:      -0.055ns (0.654 - 0.709)
  Source Clock:         clk_BUFGP rising at 0.000ns
  Destination Clock:    clk_BUFGP rising at 20.000ns
  Clock Uncertainty:    0.035ns

  Clock Uncertainty:          0.035ns  ((TSJ^2 + TIJ^2)^1/2 + DJ) / 2 + PE
    Total System Jitter (TSJ):  0.070ns
    Total Input Jitter (TIJ):   0.000ns
    Discrete Jitter (DJ):       0.000ns
    Phase Error (PE):           0.000ns

  Maximum Data Path at Slow Process Corner: buttonHandler/button_cond3/M_ctr_q_4 to buttonHandler/M_button_q_3
    Location             Delay type         Delay(ns)  Physical Resource
                                                       Logical Resource(s)
    -------------------------------------------------  -------------------
    SLICE_X8Y58.AQ       Tcko                  0.525   buttonHandler/button_cond3/M_ctr_q[7]
                                                       buttonHandler/button_cond3/M_ctr_q_4
    SLICE_X9Y59.C3       net (fanout=2)        0.552   buttonHandler/button_cond3/M_ctr_q[4]
    SLICE_X9Y59.C        Tilo                  0.259   buttonHandler/M_last_q
                                                       buttonHandler/button_cond3/out1
    SLICE_X9Y59.A2       net (fanout=2)        0.549   buttonHandler/out_3
    SLICE_X9Y59.A        Tilo                  0.259   buttonHandler/M_last_q
                                                       buttonHandler/button_cond3/out4
    SLICE_X14Y57.B5      net (fanout=3)        0.864   buttonHandler/M_button_cond3_out
    SLICE_X14Y57.B       Tilo                  0.235   M_buttonHandler_out[4]
                                                       buttonHandler/_n0051_inv_SW0
    SLICE_X14Y57.A3      net (fanout=1)        0.534   buttonHandler/N16
    SLICE_X14Y57.A       Tilo                  0.235   M_buttonHandler_out[4]
                                                       buttonHandler/_n0051_inv
    SLICE_X17Y57.CE      net (fanout=2)        0.347   buttonHandler/_n0051_inv
    SLICE_X17Y57.CLK     Tceck                 0.408   M_buttonHandler_out[3]
                                                       buttonHandler/M_button_q_3
    -------------------------------------------------  ---------------------------
    Total                                      4.767ns (1.921ns logic, 2.846ns route)
                                                       (40.3% logic, 59.7% route)

--------------------------------------------------------------------------------
Slack:                  15.148ns (requirement - (data path - clock path skew + uncertainty))
  Source:               buttonHandler/button_cond3/M_ctr_q_14 (FF)
  Destination:          buttonHandler/M_button_q_3 (FF)
  Requirement:          20.000ns
  Data Path Delay:      4.757ns (Levels of Logic = 4)
  Clock Path Skew:      -0.060ns (0.654 - 0.714)
  Source Clock:         clk_BUFGP rising at 0.000ns
  Destination Clock:    clk_BUFGP rising at 20.000ns
  Clock Uncertainty:    0.035ns

  Clock Uncertainty:          0.035ns  ((TSJ^2 + TIJ^2)^1/2 + DJ) / 2 + PE
    Total System Jitter (TSJ):  0.070ns
    Total Input Jitter (TIJ):   0.000ns
    Discrete Jitter (DJ):       0.000ns
    Phase Error (PE):           0.000ns

  Maximum Data Path at Slow Process Corner: buttonHandler/button_cond3/M_ctr_q_14 to buttonHandler/M_button_q_3
    Location             Delay type         Delay(ns)  Physical Resource
                                                       Logical Resource(s)
    -------------------------------------------------  -------------------
    SLICE_X8Y60.CQ       Tcko                  0.525   buttonHandler/button_cond3/M_ctr_q[15]
                                                       buttonHandler/button_cond3/M_ctr_q_14
    SLICE_X9Y59.D1       net (fanout=2)        0.725   buttonHandler/button_cond3/M_ctr_q[14]
    SLICE_X9Y59.D        Tilo                  0.259   buttonHandler/M_last_q
                                                       buttonHandler/button_cond3/out2
    SLICE_X9Y59.A3       net (fanout=2)        0.366   buttonHandler/out1_3
    SLICE_X9Y59.A        Tilo                  0.259   buttonHandler/M_last_q
                                                       buttonHandler/button_cond3/out4
    SLICE_X14Y57.B5      net (fanout=3)        0.864   buttonHandler/M_button_cond3_out
    SLICE_X14Y57.B       Tilo                  0.235   M_buttonHandler_out[4]
                                                       buttonHandler/_n0051_inv_SW0
    SLICE_X14Y57.A3      net (fanout=1)        0.534   buttonHandler/N16
    SLICE_X14Y57.A       Tilo                  0.235   M_buttonHandler_out[4]
                                                       buttonHandler/_n0051_inv
    SLICE_X17Y57.CE      net (fanout=2)        0.347   buttonHandler/_n0051_inv
    SLICE_X17Y57.CLK     Tceck                 0.408   M_buttonHandler_out[3]
                                                       buttonHandler/M_button_q_3
    -------------------------------------------------  ---------------------------
    Total                                      4.757ns (1.921ns logic, 2.836ns route)
                                                       (40.4% logic, 59.6% route)

--------------------------------------------------------------------------------
Slack:                  15.151ns (requirement - (data path - clock path skew + uncertainty))
  Source:               buttonHandler/button_cond3/M_ctr_q_15 (FF)
  Destination:          buttonHandler/M_button_q_3 (FF)
  Requirement:          20.000ns
  Data Path Delay:      4.754ns (Levels of Logic = 4)
  Clock Path Skew:      -0.060ns (0.654 - 0.714)
  Source Clock:         clk_BUFGP rising at 0.000ns
  Destination Clock:    clk_BUFGP rising at 20.000ns
  Clock Uncertainty:    0.035ns

  Clock Uncertainty:          0.035ns  ((TSJ^2 + TIJ^2)^1/2 + DJ) / 2 + PE
    Total System Jitter (TSJ):  0.070ns
    Total Input Jitter (TIJ):   0.000ns
    Discrete Jitter (DJ):       0.000ns
    Phase Error (PE):           0.000ns

  Maximum Data Path at Slow Process Corner: buttonHandler/button_cond3/M_ctr_q_15 to buttonHandler/M_button_q_3
    Location             Delay type         Delay(ns)  Physical Resource
                                                       Logical Resource(s)
    -------------------------------------------------  -------------------
    SLICE_X8Y60.DQ       Tcko                  0.525   buttonHandler/button_cond3/M_ctr_q[15]
                                                       buttonHandler/button_cond3/M_ctr_q_15
    SLICE_X9Y59.D2       net (fanout=2)        0.722   buttonHandler/button_cond3/M_ctr_q[15]
    SLICE_X9Y59.D        Tilo                  0.259   buttonHandler/M_last_q
                                                       buttonHandler/button_cond3/out2
    SLICE_X9Y59.A3       net (fanout=2)        0.366   buttonHandler/out1_3
    SLICE_X9Y59.A        Tilo                  0.259   buttonHandler/M_last_q
                                                       buttonHandler/button_cond3/out4
    SLICE_X14Y57.B5      net (fanout=3)        0.864   buttonHandler/M_button_cond3_out
    SLICE_X14Y57.B       Tilo                  0.235   M_buttonHandler_out[4]
                                                       buttonHandler/_n0051_inv_SW0
    SLICE_X14Y57.A3      net (fanout=1)        0.534   buttonHandler/N16
    SLICE_X14Y57.A       Tilo                  0.235   M_buttonHandler_out[4]
                                                       buttonHandler/_n0051_inv
    SLICE_X17Y57.CE      net (fanout=2)        0.347   buttonHandler/_n0051_inv
    SLICE_X17Y57.CLK     Tceck                 0.408   M_buttonHandler_out[3]
                                                       buttonHandler/M_button_q_3
    -------------------------------------------------  ---------------------------
    Total                                      4.754ns (1.921ns logic, 2.833ns route)
                                                       (40.4% logic, 59.6% route)

--------------------------------------------------------------------------------
Slack:                  15.153ns (requirement - (data path - clock path skew + uncertainty))
  Source:               buttonHandler/button_cond3/M_ctr_q_6 (FF)
  Destination:          buttonHandler/M_button_q_5 (FF)
  Requirement:          20.000ns
  Data Path Delay:      4.756ns (Levels of Logic = 4)
  Clock Path Skew:      -0.056ns (0.653 - 0.709)
  Source Clock:         clk_BUFGP rising at 0.000ns
  Destination Clock:    clk_BUFGP rising at 20.000ns
  Clock Uncertainty:    0.035ns

  Clock Uncertainty:          0.035ns  ((TSJ^2 + TIJ^2)^1/2 + DJ) / 2 + PE
    Total System Jitter (TSJ):  0.070ns
    Total Input Jitter (TIJ):   0.000ns
    Discrete Jitter (DJ):       0.000ns
    Phase Error (PE):           0.000ns

  Maximum Data Path at Slow Process Corner: buttonHandler/button_cond3/M_ctr_q_6 to buttonHandler/M_button_q_5
    Location             Delay type         Delay(ns)  Physical Resource
                                                       Logical Resource(s)
    -------------------------------------------------  -------------------
    SLICE_X8Y58.CQ       Tcko                  0.525   buttonHandler/button_cond3/M_ctr_q[7]
                                                       buttonHandler/button_cond3/M_ctr_q_6
    SLICE_X9Y59.C2       net (fanout=2)        0.724   buttonHandler/button_cond3/M_ctr_q[6]
    SLICE_X9Y59.C        Tilo                  0.259   buttonHandler/M_last_q
                                                       buttonHandler/button_cond3/out1
    SLICE_X9Y59.A2       net (fanout=2)        0.549   buttonHandler/out_3
    SLICE_X9Y59.A        Tilo                  0.259   buttonHandler/M_last_q
                                                       buttonHandler/button_cond3/out4
    SLICE_X14Y57.B5      net (fanout=3)        0.864   buttonHandler/M_button_cond3_out
    SLICE_X14Y57.B       Tilo                  0.235   M_buttonHandler_out[4]
                                                       buttonHandler/_n0051_inv_SW0
    SLICE_X14Y57.A3      net (fanout=1)        0.534   buttonHandler/N16
    SLICE_X14Y57.A       Tilo                  0.235   M_buttonHandler_out[4]
                                                       buttonHandler/_n0051_inv
    SLICE_X14Y57.CE      net (fanout=2)        0.268   buttonHandler/_n0051_inv
    SLICE_X14Y57.CLK     Tceck                 0.304   M_buttonHandler_out[4]
                                                       buttonHandler/M_button_q_5
    -------------------------------------------------  ---------------------------
    Total                                      4.756ns (1.817ns logic, 2.939ns route)
                                                       (38.2% logic, 61.8% route)

--------------------------------------------------------------------------------
Slack:                  15.161ns (requirement - (data path - clock path skew + uncertainty))
  Source:               buttonHandler/button_cond3/M_ctr_q_4 (FF)
  Destination:          buttonHandler/M_button_q_2 (FF)
  Requirement:          20.000ns
  Data Path Delay:      4.749ns (Levels of Logic = 4)
  Clock Path Skew:      -0.055ns (0.654 - 0.709)
  Source Clock:         clk_BUFGP rising at 0.000ns
  Destination Clock:    clk_BUFGP rising at 20.000ns
  Clock Uncertainty:    0.035ns

  Clock Uncertainty:          0.035ns  ((TSJ^2 + TIJ^2)^1/2 + DJ) / 2 + PE
    Total System Jitter (TSJ):  0.070ns
    Total Input Jitter (TIJ):   0.000ns
    Discrete Jitter (DJ):       0.000ns
    Phase Error (PE):           0.000ns

  Maximum Data Path at Slow Process Corner: buttonHandler/button_cond3/M_ctr_q_4 to buttonHandler/M_button_q_2
    Location             Delay type         Delay(ns)  Physical Resource
                                                       Logical Resource(s)
    -------------------------------------------------  -------------------
    SLICE_X8Y58.AQ       Tcko                  0.525   buttonHandler/button_cond3/M_ctr_q[7]
                                                       buttonHandler/button_cond3/M_ctr_q_4
    SLICE_X9Y59.C3       net (fanout=2)        0.552   buttonHandler/button_cond3/M_ctr_q[4]
    SLICE_X9Y59.C        Tilo                  0.259   buttonHandler/M_last_q
                                                       buttonHandler/button_cond3/out1
    SLICE_X9Y59.A2       net (fanout=2)        0.549   buttonHandler/out_3
    SLICE_X9Y59.A        Tilo                  0.259   buttonHandler/M_last_q
                                                       buttonHandler/button_cond3/out4
    SLICE_X14Y57.B5      net (fanout=3)        0.864   buttonHandler/M_button_cond3_out
    SLICE_X14Y57.B       Tilo                  0.235   M_buttonHandler_out[4]
                                                       buttonHandler/_n0051_inv_SW0
    SLICE_X14Y57.A3      net (fanout=1)        0.534   buttonHandler/N16
    SLICE_X14Y57.A       Tilo                  0.235   M_buttonHandler_out[4]
                                                       buttonHandler/_n0051_inv
    SLICE_X17Y57.CE      net (fanout=2)        0.347   buttonHandler/_n0051_inv
    SLICE_X17Y57.CLK     Tceck                 0.390   M_buttonHandler_out[3]
                                                       buttonHandler/M_button_q_2
    -------------------------------------------------  ---------------------------
    Total                                      4.749ns (1.903ns logic, 2.846ns route)
                                                       (40.1% logic, 59.9% route)

--------------------------------------------------------------------------------
Slack:                  15.161ns (requirement - (data path - clock path skew + uncertainty))
  Source:               buttonHandler/button_cond1/M_ctr_q_16 (FF)
  Destination:          buttonHandler/M_button_q_5 (FF)
  Requirement:          20.000ns
  Data Path Delay:      4.727ns (Levels of Logic = 3)
  Clock Path Skew:      -0.077ns (0.653 - 0.730)
  Source Clock:         clk_BUFGP rising at 0.000ns
  Destination Clock:    clk_BUFGP rising at 20.000ns
  Clock Uncertainty:    0.035ns

  Clock Uncertainty:          0.035ns  ((TSJ^2 + TIJ^2)^1/2 + DJ) / 2 + PE
    Total System Jitter (TSJ):  0.070ns
    Total Input Jitter (TIJ):   0.000ns
    Discrete Jitter (DJ):       0.000ns
    Phase Error (PE):           0.000ns

  Maximum Data Path at Slow Process Corner: buttonHandler/button_cond1/M_ctr_q_16 to buttonHandler/M_button_q_5
    Location             Delay type         Delay(ns)  Physical Resource
                                                       Logical Resource(s)
    -------------------------------------------------  -------------------
    SLICE_X2Y61.AQ       Tcko                  0.476   buttonHandler/button_cond1/M_ctr_q[19]
                                                       buttonHandler/button_cond1/M_ctr_q_16
    SLICE_X3Y58.D3       net (fanout=2)        0.801   buttonHandler/button_cond1/M_ctr_q[16]
    SLICE_X3Y58.D        Tilo                  0.259   buttonHandler/out1
                                                       buttonHandler/button_cond1/out2
    SLICE_X3Y58.B2       net (fanout=3)        0.550   buttonHandler/out1
    SLICE_X3Y58.B        Tilo                  0.259   buttonHandler/out1
                                                       buttonHandler/edge_detector1/out1
    SLICE_X14Y57.A5      net (fanout=4)        1.575   buttonHandler/M_edge_detector1_out
    SLICE_X14Y57.A       Tilo                  0.235   M_buttonHandler_out[4]
                                                       buttonHandler/_n0051_inv
    SLICE_X14Y57.CE      net (fanout=2)        0.268   buttonHandler/_n0051_inv
    SLICE_X14Y57.CLK     Tceck                 0.304   M_buttonHandler_out[4]
                                                       buttonHandler/M_button_q_5
    -------------------------------------------------  ---------------------------
    Total                                      4.727ns (1.533ns logic, 3.194ns route)
                                                       (32.4% logic, 67.6% route)

--------------------------------------------------------------------------------
Slack:                  15.163ns (requirement - (data path - clock path skew + uncertainty))
  Source:               buttonHandler/button_cond3/M_ctr_q_7 (FF)
  Destination:          buttonHandler/M_button_q_5 (FF)
  Requirement:          20.000ns
  Data Path Delay:      4.746ns (Levels of Logic = 4)
  Clock Path Skew:      -0.056ns (0.653 - 0.709)
  Source Clock:         clk_BUFGP rising at 0.000ns
  Destination Clock:    clk_BUFGP rising at 20.000ns
  Clock Uncertainty:    0.035ns

  Clock Uncertainty:          0.035ns  ((TSJ^2 + TIJ^2)^1/2 + DJ) / 2 + PE
    Total System Jitter (TSJ):  0.070ns
    Total Input Jitter (TIJ):   0.000ns
    Discrete Jitter (DJ):       0.000ns
    Phase Error (PE):           0.000ns

  Maximum Data Path at Slow Process Corner: buttonHandler/button_cond3/M_ctr_q_7 to buttonHandler/M_button_q_5
    Location             Delay type         Delay(ns)  Physical Resource
                                                       Logical Resource(s)
    -------------------------------------------------  -------------------
    SLICE_X8Y58.DQ       Tcko                  0.525   buttonHandler/button_cond3/M_ctr_q[7]
                                                       buttonHandler/button_cond3/M_ctr_q_7
    SLICE_X9Y59.C1       net (fanout=2)        0.714   buttonHandler/button_cond3/M_ctr_q[7]
    SLICE_X9Y59.C        Tilo                  0.259   buttonHandler/M_last_q
                                                       buttonHandler/button_cond3/out1
    SLICE_X9Y59.A2       net (fanout=2)        0.549   buttonHandler/out_3
    SLICE_X9Y59.A        Tilo                  0.259   buttonHandler/M_last_q
                                                       buttonHandler/button_cond3/out4
    SLICE_X14Y57.B5      net (fanout=3)        0.864   buttonHandler/M_button_cond3_out
    SLICE_X14Y57.B       Tilo                  0.235   M_buttonHandler_out[4]
                                                       buttonHandler/_n0051_inv_SW0
    SLICE_X14Y57.A3      net (fanout=1)        0.534   buttonHandler/N16
    SLICE_X14Y57.A       Tilo                  0.235   M_buttonHandler_out[4]
                                                       buttonHandler/_n0051_inv
    SLICE_X14Y57.CE      net (fanout=2)        0.268   buttonHandler/_n0051_inv
    SLICE_X14Y57.CLK     Tceck                 0.304   M_buttonHandler_out[4]
                                                       buttonHandler/M_button_q_5
    -------------------------------------------------  ---------------------------
    Total                                      4.746ns (1.817ns logic, 2.929ns route)
                                                       (38.3% logic, 61.7% route)

--------------------------------------------------------------------------------
Slack:                  15.166ns (requirement - (data path - clock path skew + uncertainty))
  Source:               buttonHandler/button_cond3/M_ctr_q_14 (FF)
  Destination:          buttonHandler/M_button_q_2 (FF)
  Requirement:          20.000ns
  Data Path Delay:      4.739ns (Levels of Logic = 4)
  Clock Path Skew:      -0.060ns (0.654 - 0.714)
  Source Clock:         clk_BUFGP rising at 0.000ns
  Destination Clock:    clk_BUFGP rising at 20.000ns
  Clock Uncertainty:    0.035ns

  Clock Uncertainty:          0.035ns  ((TSJ^2 + TIJ^2)^1/2 + DJ) / 2 + PE
    Total System Jitter (TSJ):  0.070ns
    Total Input Jitter (TIJ):   0.000ns
    Discrete Jitter (DJ):       0.000ns
    Phase Error (PE):           0.000ns

  Maximum Data Path at Slow Process Corner: buttonHandler/button_cond3/M_ctr_q_14 to buttonHandler/M_button_q_2
    Location             Delay type         Delay(ns)  Physical Resource
                                                       Logical Resource(s)
    -------------------------------------------------  -------------------
    SLICE_X8Y60.CQ       Tcko                  0.525   buttonHandler/button_cond3/M_ctr_q[15]
                                                       buttonHandler/button_cond3/M_ctr_q_14
    SLICE_X9Y59.D1       net (fanout=2)        0.725   buttonHandler/button_cond3/M_ctr_q[14]
    SLICE_X9Y59.D        Tilo                  0.259   buttonHandler/M_last_q
                                                       buttonHandler/button_cond3/out2
    SLICE_X9Y59.A3       net (fanout=2)        0.366   buttonHandler/out1_3
    SLICE_X9Y59.A        Tilo                  0.259   buttonHandler/M_last_q
                                                       buttonHandler/button_cond3/out4
    SLICE_X14Y57.B5      net (fanout=3)        0.864   buttonHandler/M_button_cond3_out
    SLICE_X14Y57.B       Tilo                  0.235   M_buttonHandler_out[4]
                                                       buttonHandler/_n0051_inv_SW0
    SLICE_X14Y57.A3      net (fanout=1)        0.534   buttonHandler/N16
    SLICE_X14Y57.A       Tilo                  0.235   M_buttonHandler_out[4]
                                                       buttonHandler/_n0051_inv
    SLICE_X17Y57.CE      net (fanout=2)        0.347   buttonHandler/_n0051_inv
    SLICE_X17Y57.CLK     Tceck                 0.390   M_buttonHandler_out[3]
                                                       buttonHandler/M_button_q_2
    -------------------------------------------------  ---------------------------
    Total                                      4.739ns (1.903ns logic, 2.836ns route)
                                                       (40.2% logic, 59.8% route)

--------------------------------------------------------------------------------

Component Switching Limit Checks: TS_clk = PERIOD TIMEGRP "clk" 50 MHz HIGH 50%;
--------------------------------------------------------------------------------
Slack: 17.334ns (period - min period limit)
  Period: 20.000ns
  Min period limit: 2.666ns (375.094MHz) (Tbcper_I)
  Physical resource: clk_BUFGP/BUFG/I0
  Logical resource: clk_BUFGP/BUFG/I0
  Location pin: BUFGMUX_X2Y11.I0
  Clock network: clk_BUFGP/IBUFG
--------------------------------------------------------------------------------
Slack: 18.601ns (period - min period limit)
  Period: 20.000ns
  Min period limit: 1.399ns (714.796MHz) (Tcp)
  Physical resource: buttonHandler/button_cond4/M_sync_out/CLK
  Logical resource: buttonHandler/button_cond/sync/Mshreg_M_pipe_q_1/CLK
  Location pin: SLICE_X4Y61.CLK
  Clock network: clk_BUFGP
--------------------------------------------------------------------------------
Slack: 18.601ns (period - min period limit)
  Period: 20.000ns
  Min period limit: 1.399ns (714.796MHz) (Tcp)
  Physical resource: buttonHandler/button_cond4/M_sync_out/CLK
  Logical resource: buttonHandler/button_cond1/sync/Mshreg_M_pipe_q_1/CLK
  Location pin: SLICE_X4Y61.CLK
  Clock network: clk_BUFGP
--------------------------------------------------------------------------------
Slack: 18.601ns (period - min period limit)
  Period: 20.000ns
  Min period limit: 1.399ns (714.796MHz) (Tcp)
  Physical resource: buttonHandler/button_cond4/M_sync_out/CLK
  Logical resource: buttonHandler/button_cond2/sync/Mshreg_M_pipe_q_1/CLK
  Location pin: SLICE_X4Y61.CLK
  Clock network: clk_BUFGP
--------------------------------------------------------------------------------
Slack: 18.601ns (period - min period limit)
  Period: 20.000ns
  Min period limit: 1.399ns (714.796MHz) (Tcp)
  Physical resource: buttonHandler/button_cond4/M_sync_out/CLK
  Logical resource: buttonHandler/button_cond3/sync/Mshreg_M_pipe_q_1/CLK
  Location pin: SLICE_X4Y61.CLK
  Clock network: clk_BUFGP
--------------------------------------------------------------------------------
Slack: 18.601ns (period - min period limit)
  Period: 20.000ns
  Min period limit: 1.399ns (714.796MHz) (Tcp)
  Physical resource: buttonHandler/button_cond4/M_sync_out/CLK
  Logical resource: buttonHandler/button_cond4/sync/Mshreg_M_pipe_q_1/CLK
  Location pin: SLICE_X4Y61.CLK
  Clock network: clk_BUFGP
--------------------------------------------------------------------------------
Slack: 19.520ns (period - min period limit)
  Period: 20.000ns
  Min period limit: 0.480ns (2083.333MHz) (Tcp)
  Physical resource: buttonHandler/button_cond2/M_ctr_q[3]/CLK
  Logical resource: buttonHandler/button_cond2/M_ctr_q_0/CK
  Location pin: SLICE_X16Y56.CLK
  Clock network: clk_BUFGP
--------------------------------------------------------------------------------
Slack: 19.520ns (period - min period limit)
  Period: 20.000ns
  Min period limit: 0.480ns (2083.333MHz) (Tcp)
  Physical resource: buttonHandler/button_cond2/M_ctr_q[3]/CLK
  Logical resource: buttonHandler/button_cond2/M_ctr_q_1/CK
  Location pin: SLICE_X16Y56.CLK
  Clock network: clk_BUFGP
--------------------------------------------------------------------------------
Slack: 19.520ns (period - min period limit)
  Period: 20.000ns
  Min period limit: 0.480ns (2083.333MHz) (Tcp)
  Physical resource: buttonHandler/button_cond2/M_ctr_q[3]/CLK
  Logical resource: buttonHandler/button_cond2/M_ctr_q_2/CK
  Location pin: SLICE_X16Y56.CLK
  Clock network: clk_BUFGP
--------------------------------------------------------------------------------
Slack: 19.520ns (period - min period limit)
  Period: 20.000ns
  Min period limit: 0.480ns (2083.333MHz) (Tcp)
  Physical resource: buttonHandler/button_cond2/M_ctr_q[3]/CLK
  Logical resource: buttonHandler/button_cond2/M_ctr_q_3/CK
  Location pin: SLICE_X16Y56.CLK
  Clock network: clk_BUFGP
--------------------------------------------------------------------------------
Slack: 19.520ns (period - min period limit)
  Period: 20.000ns
  Min period limit: 0.480ns (2083.333MHz) (Tcp)
  Physical resource: buttonHandler/button_cond2/M_ctr_q[7]/CLK
  Logical resource: buttonHandler/button_cond2/M_ctr_q_4/CK
  Location pin: SLICE_X16Y57.CLK
  Clock network: clk_BUFGP
--------------------------------------------------------------------------------
Slack: 19.520ns (period - min period limit)
  Period: 20.000ns
  Min period limit: 0.480ns (2083.333MHz) (Tcp)
  Physical resource: buttonHandler/button_cond2/M_ctr_q[7]/CLK
  Logical resource: buttonHandler/button_cond2/M_ctr_q_5/CK
  Location pin: SLICE_X16Y57.CLK
  Clock network: clk_BUFGP
--------------------------------------------------------------------------------
Slack: 19.520ns (period - min period limit)
  Period: 20.000ns
  Min period limit: 0.480ns (2083.333MHz) (Tcp)
  Physical resource: buttonHandler/button_cond2/M_ctr_q[7]/CLK
  Logical resource: buttonHandler/button_cond2/M_ctr_q_6/CK
  Location pin: SLICE_X16Y57.CLK
  Clock network: clk_BUFGP
--------------------------------------------------------------------------------
Slack: 19.520ns (period - min period limit)
  Period: 20.000ns
  Min period limit: 0.480ns (2083.333MHz) (Tcp)
  Physical resource: buttonHandler/button_cond2/M_ctr_q[7]/CLK
  Logical resource: buttonHandler/button_cond2/M_ctr_q_7/CK
  Location pin: SLICE_X16Y57.CLK
  Clock network: clk_BUFGP
--------------------------------------------------------------------------------
Slack: 19.520ns (period - min period limit)
  Period: 20.000ns
  Min period limit: 0.480ns (2083.333MHz) (Tcp)
  Physical resource: buttonHandler/button_cond2/M_ctr_q[11]/CLK
  Logical resource: buttonHandler/button_cond2/M_ctr_q_8/CK
  Location pin: SLICE_X16Y58.CLK
  Clock network: clk_BUFGP
--------------------------------------------------------------------------------
Slack: 19.520ns (period - min period limit)
  Period: 20.000ns
  Min period limit: 0.480ns (2083.333MHz) (Tcp)
  Physical resource: buttonHandler/button_cond2/M_ctr_q[11]/CLK
  Logical resource: buttonHandler/button_cond2/M_ctr_q_9/CK
  Location pin: SLICE_X16Y58.CLK
  Clock network: clk_BUFGP
--------------------------------------------------------------------------------
Slack: 19.520ns (period - min period limit)
  Period: 20.000ns
  Min period limit: 0.480ns (2083.333MHz) (Tcp)
  Physical resource: buttonHandler/button_cond2/M_ctr_q[11]/CLK
  Logical resource: buttonHandler/button_cond2/M_ctr_q_10/CK
  Location pin: SLICE_X16Y58.CLK
  Clock network: clk_BUFGP
--------------------------------------------------------------------------------
Slack: 19.520ns (period - min period limit)
  Period: 20.000ns
  Min period limit: 0.480ns (2083.333MHz) (Tcp)
  Physical resource: buttonHandler/button_cond2/M_ctr_q[11]/CLK
  Logical resource: buttonHandler/button_cond2/M_ctr_q_11/CK
  Location pin: SLICE_X16Y58.CLK
  Clock network: clk_BUFGP
--------------------------------------------------------------------------------
Slack: 19.520ns (period - min period limit)
  Period: 20.000ns
  Min period limit: 0.480ns (2083.333MHz) (Tcp)
  Physical resource: buttonHandler/button_cond2/M_ctr_q[15]/CLK
  Logical resource: buttonHandler/button_cond2/M_ctr_q_12/CK
  Location pin: SLICE_X16Y59.CLK
  Clock network: clk_BUFGP
--------------------------------------------------------------------------------
Slack: 19.520ns (period - min period limit)
  Period: 20.000ns
  Min period limit: 0.480ns (2083.333MHz) (Tcp)
  Physical resource: buttonHandler/button_cond2/M_ctr_q[15]/CLK
  Logical resource: buttonHandler/button_cond2/M_ctr_q_13/CK
  Location pin: SLICE_X16Y59.CLK
  Clock network: clk_BUFGP
--------------------------------------------------------------------------------
Slack: 19.520ns (period - min period limit)
  Period: 20.000ns
  Min period limit: 0.480ns (2083.333MHz) (Tcp)
  Physical resource: buttonHandler/button_cond2/M_ctr_q[15]/CLK
  Logical resource: buttonHandler/button_cond2/M_ctr_q_14/CK
  Location pin: SLICE_X16Y59.CLK
  Clock network: clk_BUFGP
--------------------------------------------------------------------------------
Slack: 19.520ns (period - min period limit)
  Period: 20.000ns
  Min period limit: 0.480ns (2083.333MHz) (Tcp)
  Physical resource: buttonHandler/button_cond2/M_ctr_q[15]/CLK
  Logical resource: buttonHandler/button_cond2/M_ctr_q_15/CK
  Location pin: SLICE_X16Y59.CLK
  Clock network: clk_BUFGP
--------------------------------------------------------------------------------
Slack: 19.520ns (period - min period limit)
  Period: 20.000ns
  Min period limit: 0.480ns (2083.333MHz) (Tcp)
  Physical resource: buttonHandler/button_cond2/M_ctr_q[19]/CLK
  Logical resource: buttonHandler/button_cond2/M_ctr_q_16/CK
  Location pin: SLICE_X16Y60.CLK
  Clock network: clk_BUFGP
--------------------------------------------------------------------------------
Slack: 19.520ns (period - min period limit)
  Period: 20.000ns
  Min period limit: 0.480ns (2083.333MHz) (Tcp)
  Physical resource: buttonHandler/button_cond2/M_ctr_q[19]/CLK
  Logical resource: buttonHandler/button_cond2/M_ctr_q_17/CK
  Location pin: SLICE_X16Y60.CLK
  Clock network: clk_BUFGP
--------------------------------------------------------------------------------
Slack: 19.520ns (period - min period limit)
  Period: 20.000ns
  Min period limit: 0.480ns (2083.333MHz) (Tcp)
  Physical resource: buttonHandler/button_cond2/M_ctr_q[19]/CLK
  Logical resource: buttonHandler/button_cond2/M_ctr_q_18/CK
  Location pin: SLICE_X16Y60.CLK
  Clock network: clk_BUFGP
--------------------------------------------------------------------------------
Slack: 19.520ns (period - min period limit)
  Period: 20.000ns
  Min period limit: 0.480ns (2083.333MHz) (Tcp)
  Physical resource: buttonHandler/button_cond2/M_ctr_q[19]/CLK
  Logical resource: buttonHandler/button_cond2/M_ctr_q_19/CK
  Location pin: SLICE_X16Y60.CLK
  Clock network: clk_BUFGP
--------------------------------------------------------------------------------
Slack: 19.520ns (period - min period limit)
  Period: 20.000ns
  Min period limit: 0.480ns (2083.333MHz) (Tcp)
  Physical resource: buttonHandler/button_cond3/M_ctr_q[3]/CLK
  Logical resource: buttonHandler/button_cond3/M_ctr_q_0/CK
  Location pin: SLICE_X8Y57.CLK
  Clock network: clk_BUFGP
--------------------------------------------------------------------------------
Slack: 19.520ns (period - min period limit)
  Period: 20.000ns
  Min period limit: 0.480ns (2083.333MHz) (Tcp)
  Physical resource: buttonHandler/button_cond3/M_ctr_q[3]/CLK
  Logical resource: buttonHandler/button_cond3/M_ctr_q_1/CK
  Location pin: SLICE_X8Y57.CLK
  Clock network: clk_BUFGP
--------------------------------------------------------------------------------
Slack: 19.520ns (period - min period limit)
  Period: 20.000ns
  Min period limit: 0.480ns (2083.333MHz) (Tcp)
  Physical resource: buttonHandler/button_cond3/M_ctr_q[3]/CLK
  Logical resource: buttonHandler/button_cond3/M_ctr_q_2/CK
  Location pin: SLICE_X8Y57.CLK
  Clock network: clk_BUFGP
--------------------------------------------------------------------------------
Slack: 19.520ns (period - min period limit)
  Period: 20.000ns
  Min period limit: 0.480ns (2083.333MHz) (Tcp)
  Physical resource: buttonHandler/button_cond3/M_ctr_q[3]/CLK
  Logical resource: buttonHandler/button_cond3/M_ctr_q_3/CK
  Location pin: SLICE_X8Y57.CLK
  Clock network: clk_BUFGP
--------------------------------------------------------------------------------


All constraints were met.


Data Sheet report:
-----------------
All values displayed in nanoseconds (ns)

Clock to Setup on destination clock clk
---------------+---------+---------+---------+---------+
               | Src:Rise| Src:Fall| Src:Rise| Src:Fall|
Source Clock   |Dest:Rise|Dest:Rise|Dest:Fall|Dest:Fall|
---------------+---------+---------+---------+---------+
clk            |    5.415|         |         |         |
---------------+---------+---------+---------+---------+


Timing summary:
---------------

Timing errors: 0  Score: 0  (Setup/Max: 0, Hold: 0)

Constraints cover 4158 paths, 0 nets, and 432 connections

Design statistics:
   Minimum period:   5.415ns{1}   (Maximum frequency: 184.672MHz)


------------------------------------Footnotes-----------------------------------
1)  The minimum period statistic assumes all single cycle delays.

Analysis completed Tue Dec 13 21:19:29 2016 
--------------------------------------------------------------------------------

Trace Settings:
-------------------------
Trace Settings 

Peak Memory Usage: 220 MB



