--------------------------------------------------------------------------------
Release 14.7 Trace  (nt64)
Copyright (c) 1995-2013 Xilinx, Inc.  All rights reserved.

C:\Xilinx\14.7\ISE_DS\ISE\bin\nt64\unwrapped\trce.exe -intstyle ise -o
mojo_top_0.twr -v 30 -l 30 mojo_top_0_routed.ncd mojo_top_0.pcf

Design file:              mojo_top_0_routed.ncd
Physical constraint file: mojo_top_0.pcf
Device,package,speed:     xc6slx9,tqg144,C,-2 (PRODUCTION 1.23 2013-10-13)
Report level:             verbose report, limited to 30 items per constraint

Environment Variable      Effect 
--------------------      ------ 
NONE                      No environment variables were set
--------------------------------------------------------------------------------

INFO:Timing:3412 - To improve timing, see the Timing Closure User Guide (UG612).
INFO:Timing:2752 - To get complete path coverage, use the unconstrained paths 
   option. All paths that are not constrained will be reported in the 
   unconstrained paths section(s) of the report.
INFO:Timing:3339 - The clock-to-out numbers in this timing report are based on 
   a 50 Ohm transmission line loading model.  For the details of this model, 
   and for more information on accounting for different loading conditions, 
   please see the device datasheet.

================================================================================
Timing constraint: TS_clk = PERIOD TIMEGRP "clk" 50 MHz HIGH 50%;
For more information, see Period Analysis in the Timing Closure User Guide (UG612).

 4158 paths analyzed, 667 endpoints analyzed, 0 failing endpoints
 0 timing errors detected. (0 setup errors, 0 hold errors, 0 component switching limit errors)
 Minimum period is   5.790ns.
--------------------------------------------------------------------------------
Slack:                  14.210ns (requirement - (data path - clock path skew + uncertainty))
  Source:               buttonHandler/button_cond1/M_ctr_q_19 (FF)
  Destination:          buttonHandler/M_button_q_4 (FF)
  Requirement:          20.000ns
  Data Path Delay:      5.768ns (Levels of Logic = 3)
  Clock Path Skew:      0.013ns (0.682 - 0.669)
  Source Clock:         clk_BUFGP rising at 0.000ns
  Destination Clock:    clk_BUFGP rising at 20.000ns
  Clock Uncertainty:    0.035ns

  Clock Uncertainty:          0.035ns  ((TSJ^2 + TIJ^2)^1/2 + DJ) / 2 + PE
    Total System Jitter (TSJ):  0.070ns
    Total Input Jitter (TIJ):   0.000ns
    Discrete Jitter (DJ):       0.000ns
    Phase Error (PE):           0.000ns

  Maximum Data Path at Slow Process Corner: buttonHandler/button_cond1/M_ctr_q_19 to buttonHandler/M_button_q_4
    Location             Delay type         Delay(ns)  Physical Resource
                                                       Logical Resource(s)
    -------------------------------------------------  -------------------
    SLICE_X2Y46.DQ       Tcko                  0.476   buttonHandler/button_cond1/M_ctr_q[19]
                                                       buttonHandler/button_cond1/M_ctr_q_19
    SLICE_X3Y44.D1       net (fanout=2)        1.197   buttonHandler/button_cond1/M_ctr_q[19]
    SLICE_X3Y44.D        Tilo                  0.259   buttonHandler/out1_0
                                                       buttonHandler/button_cond1/out2
    SLICE_X3Y44.B2       net (fanout=3)        0.557   buttonHandler/out1_0
    SLICE_X3Y44.B        Tilo                  0.259   buttonHandler/out1_0
                                                       buttonHandler/edge_detector1/Mmux_out11
    SLICE_X5Y53.C3       net (fanout=4)        1.441   buttonHandler/M_edge_detector1_out
    SLICE_X5Y53.C        Tilo                  0.259   buttonHandler/N23
                                                       buttonHandler/_n0047_inv
    SLICE_X11Y53.CE      net (fanout=3)        0.938   buttonHandler/_n0047_inv
    SLICE_X11Y53.CLK     Tceck                 0.382   M_buttonHandler_out[4]
                                                       buttonHandler/M_button_q_4
    -------------------------------------------------  ---------------------------
    Total                                      5.768ns (1.635ns logic, 4.133ns route)
                                                       (28.3% logic, 71.7% route)

--------------------------------------------------------------------------------
Slack:                  14.449ns (requirement - (data path - clock path skew + uncertainty))
  Source:               buttonHandler/button_cond1/M_ctr_q_16 (FF)
  Destination:          buttonHandler/M_button_q_4 (FF)
  Requirement:          20.000ns
  Data Path Delay:      5.529ns (Levels of Logic = 3)
  Clock Path Skew:      0.013ns (0.682 - 0.669)
  Source Clock:         clk_BUFGP rising at 0.000ns
  Destination Clock:    clk_BUFGP rising at 20.000ns
  Clock Uncertainty:    0.035ns

  Clock Uncertainty:          0.035ns  ((TSJ^2 + TIJ^2)^1/2 + DJ) / 2 + PE
    Total System Jitter (TSJ):  0.070ns
    Total Input Jitter (TIJ):   0.000ns
    Discrete Jitter (DJ):       0.000ns
    Phase Error (PE):           0.000ns

  Maximum Data Path at Slow Process Corner: buttonHandler/button_cond1/M_ctr_q_16 to buttonHandler/M_button_q_4
    Location             Delay type         Delay(ns)  Physical Resource
                                                       Logical Resource(s)
    -------------------------------------------------  -------------------
    SLICE_X2Y46.AQ       Tcko                  0.476   buttonHandler/button_cond1/M_ctr_q[19]
                                                       buttonHandler/button_cond1/M_ctr_q_16
    SLICE_X3Y44.D2       net (fanout=2)        0.958   buttonHandler/button_cond1/M_ctr_q[16]
    SLICE_X3Y44.D        Tilo                  0.259   buttonHandler/out1_0
                                                       buttonHandler/button_cond1/out2
    SLICE_X3Y44.B2       net (fanout=3)        0.557   buttonHandler/out1_0
    SLICE_X3Y44.B        Tilo                  0.259   buttonHandler/out1_0
                                                       buttonHandler/edge_detector1/Mmux_out11
    SLICE_X5Y53.C3       net (fanout=4)        1.441   buttonHandler/M_edge_detector1_out
    SLICE_X5Y53.C        Tilo                  0.259   buttonHandler/N23
                                                       buttonHandler/_n0047_inv
    SLICE_X11Y53.CE      net (fanout=3)        0.938   buttonHandler/_n0047_inv
    SLICE_X11Y53.CLK     Tceck                 0.382   M_buttonHandler_out[4]
                                                       buttonHandler/M_button_q_4
    -------------------------------------------------  ---------------------------
    Total                                      5.529ns (1.635ns logic, 3.894ns route)
                                                       (29.6% logic, 70.4% route)

--------------------------------------------------------------------------------
Slack:                  14.508ns (requirement - (data path - clock path skew + uncertainty))
  Source:               buttonHandler/button_cond1/M_ctr_q_19 (FF)
  Destination:          buttonHandler/M_button_q_3 (FF)
  Requirement:          20.000ns
  Data Path Delay:      5.470ns (Levels of Logic = 3)
  Clock Path Skew:      0.013ns (0.682 - 0.669)
  Source Clock:         clk_BUFGP rising at 0.000ns
  Destination Clock:    clk_BUFGP rising at 20.000ns
  Clock Uncertainty:    0.035ns

  Clock Uncertainty:          0.035ns  ((TSJ^2 + TIJ^2)^1/2 + DJ) / 2 + PE
    Total System Jitter (TSJ):  0.070ns
    Total Input Jitter (TIJ):   0.000ns
    Discrete Jitter (DJ):       0.000ns
    Phase Error (PE):           0.000ns

  Maximum Data Path at Slow Process Corner: buttonHandler/button_cond1/M_ctr_q_19 to buttonHandler/M_button_q_3
    Location             Delay type         Delay(ns)  Physical Resource
                                                       Logical Resource(s)
    -------------------------------------------------  -------------------
    SLICE_X2Y46.DQ       Tcko                  0.476   buttonHandler/button_cond1/M_ctr_q[19]
                                                       buttonHandler/button_cond1/M_ctr_q_19
    SLICE_X3Y44.D1       net (fanout=2)        1.197   buttonHandler/button_cond1/M_ctr_q[19]
    SLICE_X3Y44.D        Tilo                  0.259   buttonHandler/out1_0
                                                       buttonHandler/button_cond1/out2
    SLICE_X3Y44.B2       net (fanout=3)        0.557   buttonHandler/out1_0
    SLICE_X3Y44.B        Tilo                  0.259   buttonHandler/out1_0
                                                       buttonHandler/edge_detector1/Mmux_out11
    SLICE_X5Y53.C3       net (fanout=4)        1.441   buttonHandler/M_edge_detector1_out
    SLICE_X5Y53.C        Tilo                  0.259   buttonHandler/N23
                                                       buttonHandler/_n0047_inv
    SLICE_X10Y53.CE      net (fanout=3)        0.733   buttonHandler/_n0047_inv
    SLICE_X10Y53.CLK     Tceck                 0.289   M_buttonHandler_out[3]
                                                       buttonHandler/M_button_q_3
    -------------------------------------------------  ---------------------------
    Total                                      5.470ns (1.542ns logic, 3.928ns route)
                                                       (28.2% logic, 71.8% route)

--------------------------------------------------------------------------------
Slack:                  14.526ns (requirement - (data path - clock path skew + uncertainty))
  Source:               buttonHandler/button_cond1/M_ctr_q_19 (FF)
  Destination:          buttonHandler/M_button_q_2 (FF)
  Requirement:          20.000ns
  Data Path Delay:      5.452ns (Levels of Logic = 3)
  Clock Path Skew:      0.013ns (0.682 - 0.669)
  Source Clock:         clk_BUFGP rising at 0.000ns
  Destination Clock:    clk_BUFGP rising at 20.000ns
  Clock Uncertainty:    0.035ns

  Clock Uncertainty:          0.035ns  ((TSJ^2 + TIJ^2)^1/2 + DJ) / 2 + PE
    Total System Jitter (TSJ):  0.070ns
    Total Input Jitter (TIJ):   0.000ns
    Discrete Jitter (DJ):       0.000ns
    Phase Error (PE):           0.000ns

  Maximum Data Path at Slow Process Corner: buttonHandler/button_cond1/M_ctr_q_19 to buttonHandler/M_button_q_2
    Location             Delay type         Delay(ns)  Physical Resource
                                                       Logical Resource(s)
    -------------------------------------------------  -------------------
    SLICE_X2Y46.DQ       Tcko                  0.476   buttonHandler/button_cond1/M_ctr_q[19]
                                                       buttonHandler/button_cond1/M_ctr_q_19
    SLICE_X3Y44.D1       net (fanout=2)        1.197   buttonHandler/button_cond1/M_ctr_q[19]
    SLICE_X3Y44.D        Tilo                  0.259   buttonHandler/out1_0
                                                       buttonHandler/button_cond1/out2
    SLICE_X3Y44.B2       net (fanout=3)        0.557   buttonHandler/out1_0
    SLICE_X3Y44.B        Tilo                  0.259   buttonHandler/out1_0
                                                       buttonHandler/edge_detector1/Mmux_out11
    SLICE_X5Y53.C3       net (fanout=4)        1.441   buttonHandler/M_edge_detector1_out
    SLICE_X5Y53.C        Tilo                  0.259   buttonHandler/N23
                                                       buttonHandler/_n0047_inv
    SLICE_X10Y53.CE      net (fanout=3)        0.733   buttonHandler/_n0047_inv
    SLICE_X10Y53.CLK     Tceck                 0.271   M_buttonHandler_out[3]
                                                       buttonHandler/M_button_q_2
    -------------------------------------------------  ---------------------------
    Total                                      5.452ns (1.524ns logic, 3.928ns route)
                                                       (28.0% logic, 72.0% route)

--------------------------------------------------------------------------------
Slack:                  14.545ns (requirement - (data path - clock path skew + uncertainty))
  Source:               buttonHandler/button_cond/M_ctr_q_18 (FF)
  Destination:          buttonHandler/M_button_q_4 (FF)
  Requirement:          20.000ns
  Data Path Delay:      5.390ns (Levels of Logic = 4)
  Clock Path Skew:      -0.030ns (0.316 - 0.346)
  Source Clock:         clk_BUFGP rising at 0.000ns
  Destination Clock:    clk_BUFGP rising at 20.000ns
  Clock Uncertainty:    0.035ns

  Clock Uncertainty:          0.035ns  ((TSJ^2 + TIJ^2)^1/2 + DJ) / 2 + PE
    Total System Jitter (TSJ):  0.070ns
    Total Input Jitter (TIJ):   0.000ns
    Discrete Jitter (DJ):       0.000ns
    Phase Error (PE):           0.000ns

  Maximum Data Path at Slow Process Corner: buttonHandler/button_cond/M_ctr_q_18 to buttonHandler/M_button_q_4
    Location             Delay type         Delay(ns)  Physical Resource
                                                       Logical Resource(s)
    -------------------------------------------------  -------------------
    SLICE_X0Y55.CQ       Tcko                  0.525   buttonHandler/button_cond/M_ctr_q[19]
                                                       buttonHandler/button_cond/M_ctr_q_18
    SLICE_X1Y52.C1       net (fanout=2)        0.929   buttonHandler/button_cond/M_ctr_q[18]
    SLICE_X1Y52.C        Tilo                  0.259   buttonHandler/out1
                                                       buttonHandler/button_cond/out2
    SLICE_X1Y53.A4       net (fanout=2)        0.488   buttonHandler/out1
    SLICE_X1Y53.A        Tilo                  0.259   buttonHandler/M_last_q_0
                                                       buttonHandler/button_cond/out4
    SLICE_X5Y53.D4       net (fanout=1)        0.949   buttonHandler/M_button_cond_out
    SLICE_X5Y53.D        Tilo                  0.259   buttonHandler/N23
                                                       buttonHandler/_n0047_inv_SW0
    SLICE_X5Y53.C6       net (fanout=1)        0.143   buttonHandler/N23
    SLICE_X5Y53.C        Tilo                  0.259   buttonHandler/N23
                                                       buttonHandler/_n0047_inv
    SLICE_X11Y53.CE      net (fanout=3)        0.938   buttonHandler/_n0047_inv
    SLICE_X11Y53.CLK     Tceck                 0.382   M_buttonHandler_out[4]
                                                       buttonHandler/M_button_q_4
    -------------------------------------------------  ---------------------------
    Total                                      5.390ns (1.943ns logic, 3.447ns route)
                                                       (36.0% logic, 64.0% route)

--------------------------------------------------------------------------------
Slack:                  14.558ns (requirement - (data path - clock path skew + uncertainty))
  Source:               buttonHandler/button_cond4/M_ctr_q_19 (FF)
  Destination:          buttonHandler/M_button_q_4 (FF)
  Requirement:          20.000ns
  Data Path Delay:      5.373ns (Levels of Logic = 3)
  Clock Path Skew:      -0.034ns (0.316 - 0.350)
  Source Clock:         clk_BUFGP rising at 0.000ns
  Destination Clock:    clk_BUFGP rising at 20.000ns
  Clock Uncertainty:    0.035ns

  Clock Uncertainty:          0.035ns  ((TSJ^2 + TIJ^2)^1/2 + DJ) / 2 + PE
    Total System Jitter (TSJ):  0.070ns
    Total Input Jitter (TIJ):   0.000ns
    Discrete Jitter (DJ):       0.000ns
    Phase Error (PE):           0.000ns

  Maximum Data Path at Slow Process Corner: buttonHandler/button_cond4/M_ctr_q_19 to buttonHandler/M_button_q_4
    Location             Delay type         Delay(ns)  Physical Resource
                                                       Logical Resource(s)
    -------------------------------------------------  -------------------
    SLICE_X2Y53.DQ       Tcko                  0.476   buttonHandler/button_cond4/M_ctr_q[19]
                                                       buttonHandler/button_cond4/M_ctr_q_19
    SLICE_X3Y51.D1       net (fanout=2)        1.197   buttonHandler/button_cond4/M_ctr_q[19]
    SLICE_X3Y51.D        Tilo                  0.259   buttonHandler/out1_3
                                                       buttonHandler/button_cond4/out2
    SLICE_X3Y51.B2       net (fanout=3)        0.557   buttonHandler/out1_3
    SLICE_X3Y51.B        Tilo                  0.259   buttonHandler/out1_3
                                                       buttonHandler/edge_detector4/Mmux_out11
    SLICE_X5Y53.C5       net (fanout=3)        1.046   buttonHandler/M_edge_detector4_out
    SLICE_X5Y53.C        Tilo                  0.259   buttonHandler/N23
                                                       buttonHandler/_n0047_inv
    SLICE_X11Y53.CE      net (fanout=3)        0.938   buttonHandler/_n0047_inv
    SLICE_X11Y53.CLK     Tceck                 0.382   M_buttonHandler_out[4]
                                                       buttonHandler/M_button_q_4
    -------------------------------------------------  ---------------------------
    Total                                      5.373ns (1.635ns logic, 3.738ns route)
                                                       (30.4% logic, 69.6% route)

--------------------------------------------------------------------------------
Slack:                  14.565ns (requirement - (data path - clock path skew + uncertainty))
  Source:               buttonHandler/button_cond/M_ctr_q_15 (FF)
  Destination:          buttonHandler/M_button_q_4 (FF)
  Requirement:          20.000ns
  Data Path Delay:      5.368ns (Levels of Logic = 4)
  Clock Path Skew:      -0.032ns (0.316 - 0.348)
  Source Clock:         clk_BUFGP rising at 0.000ns
  Destination Clock:    clk_BUFGP rising at 20.000ns
  Clock Uncertainty:    0.035ns

  Clock Uncertainty:          0.035ns  ((TSJ^2 + TIJ^2)^1/2 + DJ) / 2 + PE
    Total System Jitter (TSJ):  0.070ns
    Total Input Jitter (TIJ):   0.000ns
    Discrete Jitter (DJ):       0.000ns
    Phase Error (PE):           0.000ns

  Maximum Data Path at Slow Process Corner: buttonHandler/button_cond/M_ctr_q_15 to buttonHandler/M_button_q_4
    Location             Delay type         Delay(ns)  Physical Resource
                                                       Logical Resource(s)
    -------------------------------------------------  -------------------
    SLICE_X0Y54.DQ       Tcko                  0.525   buttonHandler/button_cond/M_ctr_q[15]
                                                       buttonHandler/button_cond/M_ctr_q_15
    SLICE_X1Y52.C2       net (fanout=2)        0.907   buttonHandler/button_cond/M_ctr_q[15]
    SLICE_X1Y52.C        Tilo                  0.259   buttonHandler/out1
                                                       buttonHandler/button_cond/out2
    SLICE_X1Y53.A4       net (fanout=2)        0.488   buttonHandler/out1
    SLICE_X1Y53.A        Tilo                  0.259   buttonHandler/M_last_q_0
                                                       buttonHandler/button_cond/out4
    SLICE_X5Y53.D4       net (fanout=1)        0.949   buttonHandler/M_button_cond_out
    SLICE_X5Y53.D        Tilo                  0.259   buttonHandler/N23
                                                       buttonHandler/_n0047_inv_SW0
    SLICE_X5Y53.C6       net (fanout=1)        0.143   buttonHandler/N23
    SLICE_X5Y53.C        Tilo                  0.259   buttonHandler/N23
                                                       buttonHandler/_n0047_inv
    SLICE_X11Y53.CE      net (fanout=3)        0.938   buttonHandler/_n0047_inv
    SLICE_X11Y53.CLK     Tceck                 0.382   M_buttonHandler_out[4]
                                                       buttonHandler/M_button_q_4
    -------------------------------------------------  ---------------------------
    Total                                      5.368ns (1.943ns logic, 3.425ns route)
                                                       (36.2% logic, 63.8% route)

--------------------------------------------------------------------------------
Slack:                  14.570ns (requirement - (data path - clock path skew + uncertainty))
  Source:               buttonHandler/button_cond/M_ctr_q_13 (FF)
  Destination:          buttonHandler/M_button_q_4 (FF)
  Requirement:          20.000ns
  Data Path Delay:      5.363ns (Levels of Logic = 4)
  Clock Path Skew:      -0.032ns (0.316 - 0.348)
  Source Clock:         clk_BUFGP rising at 0.000ns
  Destination Clock:    clk_BUFGP rising at 20.000ns
  Clock Uncertainty:    0.035ns

  Clock Uncertainty:          0.035ns  ((TSJ^2 + TIJ^2)^1/2 + DJ) / 2 + PE
    Total System Jitter (TSJ):  0.070ns
    Total Input Jitter (TIJ):   0.000ns
    Discrete Jitter (DJ):       0.000ns
    Phase Error (PE):           0.000ns

  Maximum Data Path at Slow Process Corner: buttonHandler/button_cond/M_ctr_q_13 to buttonHandler/M_button_q_4
    Location             Delay type         Delay(ns)  Physical Resource
                                                       Logical Resource(s)
    -------------------------------------------------  -------------------
    SLICE_X0Y54.BQ       Tcko                  0.525   buttonHandler/button_cond/M_ctr_q[15]
                                                       buttonHandler/button_cond/M_ctr_q_13
    SLICE_X1Y53.B1       net (fanout=2)        1.154   buttonHandler/button_cond/M_ctr_q[13]
    SLICE_X1Y53.B        Tilo                  0.259   buttonHandler/M_last_q_0
                                                       buttonHandler/button_cond/out3
    SLICE_X1Y53.A5       net (fanout=2)        0.236   buttonHandler/out2
    SLICE_X1Y53.A        Tilo                  0.259   buttonHandler/M_last_q_0
                                                       buttonHandler/button_cond/out4
    SLICE_X5Y53.D4       net (fanout=1)        0.949   buttonHandler/M_button_cond_out
    SLICE_X5Y53.D        Tilo                  0.259   buttonHandler/N23
                                                       buttonHandler/_n0047_inv_SW0
    SLICE_X5Y53.C6       net (fanout=1)        0.143   buttonHandler/N23
    SLICE_X5Y53.C        Tilo                  0.259   buttonHandler/N23
                                                       buttonHandler/_n0047_inv
    SLICE_X11Y53.CE      net (fanout=3)        0.938   buttonHandler/_n0047_inv
    SLICE_X11Y53.CLK     Tceck                 0.382   M_buttonHandler_out[4]
                                                       buttonHandler/M_button_q_4
    -------------------------------------------------  ---------------------------
    Total                                      5.363ns (1.943ns logic, 3.420ns route)
                                                       (36.2% logic, 63.8% route)

--------------------------------------------------------------------------------
Slack:                  14.658ns (requirement - (data path - clock path skew + uncertainty))
  Source:               buttonHandler/button_cond/M_ctr_q_4 (FF)
  Destination:          buttonHandler/M_button_q_4 (FF)
  Requirement:          20.000ns
  Data Path Delay:      5.270ns (Levels of Logic = 4)
  Clock Path Skew:      -0.037ns (0.316 - 0.353)
  Source Clock:         clk_BUFGP rising at 0.000ns
  Destination Clock:    clk_BUFGP rising at 20.000ns
  Clock Uncertainty:    0.035ns

  Clock Uncertainty:          0.035ns  ((TSJ^2 + TIJ^2)^1/2 + DJ) / 2 + PE
    Total System Jitter (TSJ):  0.070ns
    Total Input Jitter (TIJ):   0.000ns
    Discrete Jitter (DJ):       0.000ns
    Phase Error (PE):           0.000ns

  Maximum Data Path at Slow Process Corner: buttonHandler/button_cond/M_ctr_q_4 to buttonHandler/M_button_q_4
    Location             Delay type         Delay(ns)  Physical Resource
                                                       Logical Resource(s)
    -------------------------------------------------  -------------------
    SLICE_X0Y52.AQ       Tcko                  0.525   buttonHandler/button_cond/M_ctr_q[7]
                                                       buttonHandler/button_cond/M_ctr_q_4
    SLICE_X1Y52.A1       net (fanout=2)        0.748   buttonHandler/button_cond/M_ctr_q[4]
    SLICE_X1Y52.A        Tilo                  0.259   buttonHandler/out1
                                                       buttonHandler/button_cond/out1
    SLICE_X1Y53.A3       net (fanout=2)        0.549   buttonHandler/out
    SLICE_X1Y53.A        Tilo                  0.259   buttonHandler/M_last_q_0
                                                       buttonHandler/button_cond/out4
    SLICE_X5Y53.D4       net (fanout=1)        0.949   buttonHandler/M_button_cond_out
    SLICE_X5Y53.D        Tilo                  0.259   buttonHandler/N23
                                                       buttonHandler/_n0047_inv_SW0
    SLICE_X5Y53.C6       net (fanout=1)        0.143   buttonHandler/N23
    SLICE_X5Y53.C        Tilo                  0.259   buttonHandler/N23
                                                       buttonHandler/_n0047_inv
    SLICE_X11Y53.CE      net (fanout=3)        0.938   buttonHandler/_n0047_inv
    SLICE_X11Y53.CLK     Tceck                 0.382   M_buttonHandler_out[4]
                                                       buttonHandler/M_button_q_4
    -------------------------------------------------  ---------------------------
    Total                                      5.270ns (1.943ns logic, 3.327ns route)
                                                       (36.9% logic, 63.1% route)

--------------------------------------------------------------------------------
Slack:                  14.676ns (requirement - (data path - clock path skew + uncertainty))
  Source:               buttonHandler/button_cond/M_ctr_q_19 (FF)
  Destination:          buttonHandler/M_button_q_4 (FF)
  Requirement:          20.000ns
  Data Path Delay:      5.259ns (Levels of Logic = 4)
  Clock Path Skew:      -0.030ns (0.316 - 0.346)
  Source Clock:         clk_BUFGP rising at 0.000ns
  Destination Clock:    clk_BUFGP rising at 20.000ns
  Clock Uncertainty:    0.035ns

  Clock Uncertainty:          0.035ns  ((TSJ^2 + TIJ^2)^1/2 + DJ) / 2 + PE
    Total System Jitter (TSJ):  0.070ns
    Total Input Jitter (TIJ):   0.000ns
    Discrete Jitter (DJ):       0.000ns
    Phase Error (PE):           0.000ns

  Maximum Data Path at Slow Process Corner: buttonHandler/button_cond/M_ctr_q_19 to buttonHandler/M_button_q_4
    Location             Delay type         Delay(ns)  Physical Resource
                                                       Logical Resource(s)
    -------------------------------------------------  -------------------
    SLICE_X0Y55.DQ       Tcko                  0.525   buttonHandler/button_cond/M_ctr_q[19]
                                                       buttonHandler/button_cond/M_ctr_q_19
    SLICE_X1Y52.C3       net (fanout=2)        0.798   buttonHandler/button_cond/M_ctr_q[19]
    SLICE_X1Y52.C        Tilo                  0.259   buttonHandler/out1
                                                       buttonHandler/button_cond/out2
    SLICE_X1Y53.A4       net (fanout=2)        0.488   buttonHandler/out1
    SLICE_X1Y53.A        Tilo                  0.259   buttonHandler/M_last_q_0
                                                       buttonHandler/button_cond/out4
    SLICE_X5Y53.D4       net (fanout=1)        0.949   buttonHandler/M_button_cond_out
    SLICE_X5Y53.D        Tilo                  0.259   buttonHandler/N23
                                                       buttonHandler/_n0047_inv_SW0
    SLICE_X5Y53.C6       net (fanout=1)        0.143   buttonHandler/N23
    SLICE_X5Y53.C        Tilo                  0.259   buttonHandler/N23
                                                       buttonHandler/_n0047_inv
    SLICE_X11Y53.CE      net (fanout=3)        0.938   buttonHandler/_n0047_inv
    SLICE_X11Y53.CLK     Tceck                 0.382   M_buttonHandler_out[4]
                                                       buttonHandler/M_button_q_4
    -------------------------------------------------  ---------------------------
    Total                                      5.259ns (1.943ns logic, 3.316ns route)
                                                       (36.9% logic, 63.1% route)

--------------------------------------------------------------------------------
Slack:                  14.745ns (requirement - (data path - clock path skew + uncertainty))
  Source:               buttonHandler/button_cond/M_ctr_q_17 (FF)
  Destination:          buttonHandler/M_button_q_4 (FF)
  Requirement:          20.000ns
  Data Path Delay:      5.190ns (Levels of Logic = 4)
  Clock Path Skew:      -0.030ns (0.316 - 0.346)
  Source Clock:         clk_BUFGP rising at 0.000ns
  Destination Clock:    clk_BUFGP rising at 20.000ns
  Clock Uncertainty:    0.035ns

  Clock Uncertainty:          0.035ns  ((TSJ^2 + TIJ^2)^1/2 + DJ) / 2 + PE
    Total System Jitter (TSJ):  0.070ns
    Total Input Jitter (TIJ):   0.000ns
    Discrete Jitter (DJ):       0.000ns
    Phase Error (PE):           0.000ns

  Maximum Data Path at Slow Process Corner: buttonHandler/button_cond/M_ctr_q_17 to buttonHandler/M_button_q_4
    Location             Delay type         Delay(ns)  Physical Resource
                                                       Logical Resource(s)
    -------------------------------------------------  -------------------
    SLICE_X0Y55.BQ       Tcko                  0.525   buttonHandler/button_cond/M_ctr_q[19]
                                                       buttonHandler/button_cond/M_ctr_q_17
    SLICE_X1Y52.C4       net (fanout=2)        0.729   buttonHandler/button_cond/M_ctr_q[17]
    SLICE_X1Y52.C        Tilo                  0.259   buttonHandler/out1
                                                       buttonHandler/button_cond/out2
    SLICE_X1Y53.A4       net (fanout=2)        0.488   buttonHandler/out1
    SLICE_X1Y53.A        Tilo                  0.259   buttonHandler/M_last_q_0
                                                       buttonHandler/button_cond/out4
    SLICE_X5Y53.D4       net (fanout=1)        0.949   buttonHandler/M_button_cond_out
    SLICE_X5Y53.D        Tilo                  0.259   buttonHandler/N23
                                                       buttonHandler/_n0047_inv_SW0
    SLICE_X5Y53.C6       net (fanout=1)        0.143   buttonHandler/N23
    SLICE_X5Y53.C        Tilo                  0.259   buttonHandler/N23
                                                       buttonHandler/_n0047_inv
    SLICE_X11Y53.CE      net (fanout=3)        0.938   buttonHandler/_n0047_inv
    SLICE_X11Y53.CLK     Tceck                 0.382   M_buttonHandler_out[4]
                                                       buttonHandler/M_button_q_4
    -------------------------------------------------  ---------------------------
    Total                                      5.190ns (1.943ns logic, 3.247ns route)
                                                       (37.4% logic, 62.6% route)

--------------------------------------------------------------------------------
Slack:                  14.747ns (requirement - (data path - clock path skew + uncertainty))
  Source:               buttonHandler/button_cond1/M_ctr_q_16 (FF)
  Destination:          buttonHandler/M_button_q_3 (FF)
  Requirement:          20.000ns
  Data Path Delay:      5.231ns (Levels of Logic = 3)
  Clock Path Skew:      0.013ns (0.682 - 0.669)
  Source Clock:         clk_BUFGP rising at 0.000ns
  Destination Clock:    clk_BUFGP rising at 20.000ns
  Clock Uncertainty:    0.035ns

  Clock Uncertainty:          0.035ns  ((TSJ^2 + TIJ^2)^1/2 + DJ) / 2 + PE
    Total System Jitter (TSJ):  0.070ns
    Total Input Jitter (TIJ):   0.000ns
    Discrete Jitter (DJ):       0.000ns
    Phase Error (PE):           0.000ns

  Maximum Data Path at Slow Process Corner: buttonHandler/button_cond1/M_ctr_q_16 to buttonHandler/M_button_q_3
    Location             Delay type         Delay(ns)  Physical Resource
                                                       Logical Resource(s)
    -------------------------------------------------  -------------------
    SLICE_X2Y46.AQ       Tcko                  0.476   buttonHandler/button_cond1/M_ctr_q[19]
                                                       buttonHandler/button_cond1/M_ctr_q_16
    SLICE_X3Y44.D2       net (fanout=2)        0.958   buttonHandler/button_cond1/M_ctr_q[16]
    SLICE_X3Y44.D        Tilo                  0.259   buttonHandler/out1_0
                                                       buttonHandler/button_cond1/out2
    SLICE_X3Y44.B2       net (fanout=3)        0.557   buttonHandler/out1_0
    SLICE_X3Y44.B        Tilo                  0.259   buttonHandler/out1_0
                                                       buttonHandler/edge_detector1/Mmux_out11
    SLICE_X5Y53.C3       net (fanout=4)        1.441   buttonHandler/M_edge_detector1_out
    SLICE_X5Y53.C        Tilo                  0.259   buttonHandler/N23
                                                       buttonHandler/_n0047_inv
    SLICE_X10Y53.CE      net (fanout=3)        0.733   buttonHandler/_n0047_inv
    SLICE_X10Y53.CLK     Tceck                 0.289   M_buttonHandler_out[3]
                                                       buttonHandler/M_button_q_3
    -------------------------------------------------  ---------------------------
    Total                                      5.231ns (1.542ns logic, 3.689ns route)
                                                       (29.5% logic, 70.5% route)

--------------------------------------------------------------------------------
Slack:                  14.765ns (requirement - (data path - clock path skew + uncertainty))
  Source:               buttonHandler/button_cond1/M_ctr_q_16 (FF)
  Destination:          buttonHandler/M_button_q_2 (FF)
  Requirement:          20.000ns
  Data Path Delay:      5.213ns (Levels of Logic = 3)
  Clock Path Skew:      0.013ns (0.682 - 0.669)
  Source Clock:         clk_BUFGP rising at 0.000ns
  Destination Clock:    clk_BUFGP rising at 20.000ns
  Clock Uncertainty:    0.035ns

  Clock Uncertainty:          0.035ns  ((TSJ^2 + TIJ^2)^1/2 + DJ) / 2 + PE
    Total System Jitter (TSJ):  0.070ns
    Total Input Jitter (TIJ):   0.000ns
    Discrete Jitter (DJ):       0.000ns
    Phase Error (PE):           0.000ns

  Maximum Data Path at Slow Process Corner: buttonHandler/button_cond1/M_ctr_q_16 to buttonHandler/M_button_q_2
    Location             Delay type         Delay(ns)  Physical Resource
                                                       Logical Resource(s)
    -------------------------------------------------  -------------------
    SLICE_X2Y46.AQ       Tcko                  0.476   buttonHandler/button_cond1/M_ctr_q[19]
                                                       buttonHandler/button_cond1/M_ctr_q_16
    SLICE_X3Y44.D2       net (fanout=2)        0.958   buttonHandler/button_cond1/M_ctr_q[16]
    SLICE_X3Y44.D        Tilo                  0.259   buttonHandler/out1_0
                                                       buttonHandler/button_cond1/out2
    SLICE_X3Y44.B2       net (fanout=3)        0.557   buttonHandler/out1_0
    SLICE_X3Y44.B        Tilo                  0.259   buttonHandler/out1_0
                                                       buttonHandler/edge_detector1/Mmux_out11
    SLICE_X5Y53.C3       net (fanout=4)        1.441   buttonHandler/M_edge_detector1_out
    SLICE_X5Y53.C        Tilo                  0.259   buttonHandler/N23
                                                       buttonHandler/_n0047_inv
    SLICE_X10Y53.CE      net (fanout=3)        0.733   buttonHandler/_n0047_inv
    SLICE_X10Y53.CLK     Tceck                 0.271   M_buttonHandler_out[3]
                                                       buttonHandler/M_button_q_2
    -------------------------------------------------  ---------------------------
    Total                                      5.213ns (1.524ns logic, 3.689ns route)
                                                       (29.2% logic, 70.8% route)

--------------------------------------------------------------------------------
Slack:                  14.779ns (requirement - (data path - clock path skew + uncertainty))
  Source:               buttonHandler/button_cond1/M_ctr_q_19 (FF)
  Destination:          buttonHandler/M_button_q_5 (FF)
  Requirement:          20.000ns
  Data Path Delay:      5.208ns (Levels of Logic = 3)
  Clock Path Skew:      0.022ns (0.691 - 0.669)
  Source Clock:         clk_BUFGP rising at 0.000ns
  Destination Clock:    clk_BUFGP rising at 20.000ns
  Clock Uncertainty:    0.035ns

  Clock Uncertainty:          0.035ns  ((TSJ^2 + TIJ^2)^1/2 + DJ) / 2 + PE
    Total System Jitter (TSJ):  0.070ns
    Total Input Jitter (TIJ):   0.000ns
    Discrete Jitter (DJ):       0.000ns
    Phase Error (PE):           0.000ns

  Maximum Data Path at Slow Process Corner: buttonHandler/button_cond1/M_ctr_q_19 to buttonHandler/M_button_q_5
    Location             Delay type         Delay(ns)  Physical Resource
                                                       Logical Resource(s)
    -------------------------------------------------  -------------------
    SLICE_X2Y46.DQ       Tcko                  0.476   buttonHandler/button_cond1/M_ctr_q[19]
                                                       buttonHandler/button_cond1/M_ctr_q_19
    SLICE_X3Y44.D1       net (fanout=2)        1.197   buttonHandler/button_cond1/M_ctr_q[19]
    SLICE_X3Y44.D        Tilo                  0.259   buttonHandler/out1_0
                                                       buttonHandler/button_cond1/out2
    SLICE_X3Y44.B2       net (fanout=3)        0.557   buttonHandler/out1_0
    SLICE_X3Y44.B        Tilo                  0.259   buttonHandler/out1_0
                                                       buttonHandler/edge_detector1/Mmux_out11
    SLICE_X5Y53.C3       net (fanout=4)        1.441   buttonHandler/M_edge_detector1_out
    SLICE_X5Y53.C        Tilo                  0.259   buttonHandler/N23
                                                       buttonHandler/_n0047_inv
    SLICE_X5Y53.CE       net (fanout=3)        0.353   buttonHandler/_n0047_inv
    SLICE_X5Y53.CLK      Tceck                 0.407   buttonHandler/N23
                                                       buttonHandler/M_button_q_5
    -------------------------------------------------  ---------------------------
    Total                                      5.208ns (1.660ns logic, 3.548ns route)
                                                       (31.9% logic, 68.1% route)

--------------------------------------------------------------------------------
Slack:                  14.795ns (requirement - (data path - clock path skew + uncertainty))
  Source:               buttonHandler/button_cond4/M_ctr_q_16 (FF)
  Destination:          buttonHandler/M_button_q_4 (FF)
  Requirement:          20.000ns
  Data Path Delay:      5.136ns (Levels of Logic = 3)
  Clock Path Skew:      -0.034ns (0.316 - 0.350)
  Source Clock:         clk_BUFGP rising at 0.000ns
  Destination Clock:    clk_BUFGP rising at 20.000ns
  Clock Uncertainty:    0.035ns

  Clock Uncertainty:          0.035ns  ((TSJ^2 + TIJ^2)^1/2 + DJ) / 2 + PE
    Total System Jitter (TSJ):  0.070ns
    Total Input Jitter (TIJ):   0.000ns
    Discrete Jitter (DJ):       0.000ns
    Phase Error (PE):           0.000ns

  Maximum Data Path at Slow Process Corner: buttonHandler/button_cond4/M_ctr_q_16 to buttonHandler/M_button_q_4
    Location             Delay type         Delay(ns)  Physical Resource
                                                       Logical Resource(s)
    -------------------------------------------------  -------------------
    SLICE_X2Y53.AQ       Tcko                  0.476   buttonHandler/button_cond4/M_ctr_q[19]
                                                       buttonHandler/button_cond4/M_ctr_q_16
    SLICE_X3Y51.D2       net (fanout=2)        0.960   buttonHandler/button_cond4/M_ctr_q[16]
    SLICE_X3Y51.D        Tilo                  0.259   buttonHandler/out1_3
                                                       buttonHandler/button_cond4/out2
    SLICE_X3Y51.B2       net (fanout=3)        0.557   buttonHandler/out1_3
    SLICE_X3Y51.B        Tilo                  0.259   buttonHandler/out1_3
                                                       buttonHandler/edge_detector4/Mmux_out11
    SLICE_X5Y53.C5       net (fanout=3)        1.046   buttonHandler/M_edge_detector4_out
    SLICE_X5Y53.C        Tilo                  0.259   buttonHandler/N23
                                                       buttonHandler/_n0047_inv
    SLICE_X11Y53.CE      net (fanout=3)        0.938   buttonHandler/_n0047_inv
    SLICE_X11Y53.CLK     Tceck                 0.382   M_buttonHandler_out[4]
                                                       buttonHandler/M_button_q_4
    -------------------------------------------------  ---------------------------
    Total                                      5.136ns (1.635ns logic, 3.501ns route)
                                                       (31.8% logic, 68.2% route)

--------------------------------------------------------------------------------
Slack:                  14.811ns (requirement - (data path - clock path skew + uncertainty))
  Source:               buttonHandler/button_cond/M_ctr_q_3 (FF)
  Destination:          buttonHandler/M_button_q_4 (FF)
  Requirement:          20.000ns
  Data Path Delay:      5.115ns (Levels of Logic = 4)
  Clock Path Skew:      -0.039ns (0.316 - 0.355)
  Source Clock:         clk_BUFGP rising at 0.000ns
  Destination Clock:    clk_BUFGP rising at 20.000ns
  Clock Uncertainty:    0.035ns

  Clock Uncertainty:          0.035ns  ((TSJ^2 + TIJ^2)^1/2 + DJ) / 2 + PE
    Total System Jitter (TSJ):  0.070ns
    Total Input Jitter (TIJ):   0.000ns
    Discrete Jitter (DJ):       0.000ns
    Phase Error (PE):           0.000ns

  Maximum Data Path at Slow Process Corner: buttonHandler/button_cond/M_ctr_q_3 to buttonHandler/M_button_q_4
    Location             Delay type         Delay(ns)  Physical Resource
                                                       Logical Resource(s)
    -------------------------------------------------  -------------------
    SLICE_X0Y51.DQ       Tcko                  0.525   buttonHandler/button_cond/M_ctr_q[3]
                                                       buttonHandler/button_cond/M_ctr_q_3
    SLICE_X1Y52.A6       net (fanout=2)        0.593   buttonHandler/button_cond/M_ctr_q[3]
    SLICE_X1Y52.A        Tilo                  0.259   buttonHandler/out1
                                                       buttonHandler/button_cond/out1
    SLICE_X1Y53.A3       net (fanout=2)        0.549   buttonHandler/out
    SLICE_X1Y53.A        Tilo                  0.259   buttonHandler/M_last_q_0
                                                       buttonHandler/button_cond/out4
    SLICE_X5Y53.D4       net (fanout=1)        0.949   buttonHandler/M_button_cond_out
    SLICE_X5Y53.D        Tilo                  0.259   buttonHandler/N23
                                                       buttonHandler/_n0047_inv_SW0
    SLICE_X5Y53.C6       net (fanout=1)        0.143   buttonHandler/N23
    SLICE_X5Y53.C        Tilo                  0.259   buttonHandler/N23
                                                       buttonHandler/_n0047_inv
    SLICE_X11Y53.CE      net (fanout=3)        0.938   buttonHandler/_n0047_inv
    SLICE_X11Y53.CLK     Tceck                 0.382   M_buttonHandler_out[4]
                                                       buttonHandler/M_button_q_4
    -------------------------------------------------  ---------------------------
    Total                                      5.115ns (1.943ns logic, 3.172ns route)
                                                       (38.0% logic, 62.0% route)

--------------------------------------------------------------------------------
Slack:                  14.823ns (requirement - (data path - clock path skew + uncertainty))
  Source:               buttonHandler/button_cond1/M_ctr_q_15 (FF)
  Destination:          buttonHandler/M_button_q_4 (FF)
  Requirement:          20.000ns
  Data Path Delay:      5.156ns (Levels of Logic = 3)
  Clock Path Skew:      0.014ns (0.682 - 0.668)
  Source Clock:         clk_BUFGP rising at 0.000ns
  Destination Clock:    clk_BUFGP rising at 20.000ns
  Clock Uncertainty:    0.035ns

  Clock Uncertainty:          0.035ns  ((TSJ^2 + TIJ^2)^1/2 + DJ) / 2 + PE
    Total System Jitter (TSJ):  0.070ns
    Total Input Jitter (TIJ):   0.000ns
    Discrete Jitter (DJ):       0.000ns
    Phase Error (PE):           0.000ns

  Maximum Data Path at Slow Process Corner: buttonHandler/button_cond1/M_ctr_q_15 to buttonHandler/M_button_q_4
    Location             Delay type         Delay(ns)  Physical Resource
                                                       Logical Resource(s)
    -------------------------------------------------  -------------------
    SLICE_X2Y45.DQ       Tcko                  0.476   buttonHandler/button_cond1/M_ctr_q[15]
                                                       buttonHandler/button_cond1/M_ctr_q_15
    SLICE_X3Y44.D3       net (fanout=2)        0.585   buttonHandler/button_cond1/M_ctr_q[15]
    SLICE_X3Y44.D        Tilo                  0.259   buttonHandler/out1_0
                                                       buttonHandler/button_cond1/out2
    SLICE_X3Y44.B2       net (fanout=3)        0.557   buttonHandler/out1_0
    SLICE_X3Y44.B        Tilo                  0.259   buttonHandler/out1_0
                                                       buttonHandler/edge_detector1/Mmux_out11
    SLICE_X5Y53.C3       net (fanout=4)        1.441   buttonHandler/M_edge_detector1_out
    SLICE_X5Y53.C        Tilo                  0.259   buttonHandler/N23
                                                       buttonHandler/_n0047_inv
    SLICE_X11Y53.CE      net (fanout=3)        0.938   buttonHandler/_n0047_inv
    SLICE_X11Y53.CLK     Tceck                 0.382   M_buttonHandler_out[4]
                                                       buttonHandler/M_button_q_4
    -------------------------------------------------  ---------------------------
    Total                                      5.156ns (1.635ns logic, 3.521ns route)
                                                       (31.7% logic, 68.3% route)

--------------------------------------------------------------------------------
Slack:                  14.843ns (requirement - (data path - clock path skew + uncertainty))
  Source:               buttonHandler/button_cond/M_ctr_q_18 (FF)
  Destination:          buttonHandler/M_button_q_3 (FF)
  Requirement:          20.000ns
  Data Path Delay:      5.092ns (Levels of Logic = 4)
  Clock Path Skew:      -0.030ns (0.316 - 0.346)
  Source Clock:         clk_BUFGP rising at 0.000ns
  Destination Clock:    clk_BUFGP rising at 20.000ns
  Clock Uncertainty:    0.035ns

  Clock Uncertainty:          0.035ns  ((TSJ^2 + TIJ^2)^1/2 + DJ) / 2 + PE
    Total System Jitter (TSJ):  0.070ns
    Total Input Jitter (TIJ):   0.000ns
    Discrete Jitter (DJ):       0.000ns
    Phase Error (PE):           0.000ns

  Maximum Data Path at Slow Process Corner: buttonHandler/button_cond/M_ctr_q_18 to buttonHandler/M_button_q_3
    Location             Delay type         Delay(ns)  Physical Resource
                                                       Logical Resource(s)
    -------------------------------------------------  -------------------
    SLICE_X0Y55.CQ       Tcko                  0.525   buttonHandler/button_cond/M_ctr_q[19]
                                                       buttonHandler/button_cond/M_ctr_q_18
    SLICE_X1Y52.C1       net (fanout=2)        0.929   buttonHandler/button_cond/M_ctr_q[18]
    SLICE_X1Y52.C        Tilo                  0.259   buttonHandler/out1
                                                       buttonHandler/button_cond/out2
    SLICE_X1Y53.A4       net (fanout=2)        0.488   buttonHandler/out1
    SLICE_X1Y53.A        Tilo                  0.259   buttonHandler/M_last_q_0
                                                       buttonHandler/button_cond/out4
    SLICE_X5Y53.D4       net (fanout=1)        0.949   buttonHandler/M_button_cond_out
    SLICE_X5Y53.D        Tilo                  0.259   buttonHandler/N23
                                                       buttonHandler/_n0047_inv_SW0
    SLICE_X5Y53.C6       net (fanout=1)        0.143   buttonHandler/N23
    SLICE_X5Y53.C        Tilo                  0.259   buttonHandler/N23
                                                       buttonHandler/_n0047_inv
    SLICE_X10Y53.CE      net (fanout=3)        0.733   buttonHandler/_n0047_inv
    SLICE_X10Y53.CLK     Tceck                 0.289   M_buttonHandler_out[3]
                                                       buttonHandler/M_button_q_3
    -------------------------------------------------  ---------------------------
    Total                                      5.092ns (1.850ns logic, 3.242ns route)
                                                       (36.3% logic, 63.7% route)

--------------------------------------------------------------------------------
Slack:                  14.853ns (requirement - (data path - clock path skew + uncertainty))
  Source:               buttonHandler/button_cond/M_ctr_q_6 (FF)
  Destination:          buttonHandler/M_button_q_4 (FF)
  Requirement:          20.000ns
  Data Path Delay:      5.075ns (Levels of Logic = 4)
  Clock Path Skew:      -0.037ns (0.316 - 0.353)
  Source Clock:         clk_BUFGP rising at 0.000ns
  Destination Clock:    clk_BUFGP rising at 20.000ns
  Clock Uncertainty:    0.035ns

  Clock Uncertainty:          0.035ns  ((TSJ^2 + TIJ^2)^1/2 + DJ) / 2 + PE
    Total System Jitter (TSJ):  0.070ns
    Total Input Jitter (TIJ):   0.000ns
    Discrete Jitter (DJ):       0.000ns
    Phase Error (PE):           0.000ns

  Maximum Data Path at Slow Process Corner: buttonHandler/button_cond/M_ctr_q_6 to buttonHandler/M_button_q_4
    Location             Delay type         Delay(ns)  Physical Resource
                                                       Logical Resource(s)
    -------------------------------------------------  -------------------
    SLICE_X0Y52.CQ       Tcko                  0.525   buttonHandler/button_cond/M_ctr_q[7]
                                                       buttonHandler/button_cond/M_ctr_q_6
    SLICE_X1Y52.A2       net (fanout=2)        0.553   buttonHandler/button_cond/M_ctr_q[6]
    SLICE_X1Y52.A        Tilo                  0.259   buttonHandler/out1
                                                       buttonHandler/button_cond/out1
    SLICE_X1Y53.A3       net (fanout=2)        0.549   buttonHandler/out
    SLICE_X1Y53.A        Tilo                  0.259   buttonHandler/M_last_q_0
                                                       buttonHandler/button_cond/out4
    SLICE_X5Y53.D4       net (fanout=1)        0.949   buttonHandler/M_button_cond_out
    SLICE_X5Y53.D        Tilo                  0.259   buttonHandler/N23
                                                       buttonHandler/_n0047_inv_SW0
    SLICE_X5Y53.C6       net (fanout=1)        0.143   buttonHandler/N23
    SLICE_X5Y53.C        Tilo                  0.259   buttonHandler/N23
                                                       buttonHandler/_n0047_inv
    SLICE_X11Y53.CE      net (fanout=3)        0.938   buttonHandler/_n0047_inv
    SLICE_X11Y53.CLK     Tceck                 0.382   M_buttonHandler_out[4]
                                                       buttonHandler/M_button_q_4
    -------------------------------------------------  ---------------------------
    Total                                      5.075ns (1.943ns logic, 3.132ns route)
                                                       (38.3% logic, 61.7% route)

--------------------------------------------------------------------------------
Slack:                  14.856ns (requirement - (data path - clock path skew + uncertainty))
  Source:               buttonHandler/button_cond4/M_ctr_q_19 (FF)
  Destination:          buttonHandler/M_button_q_3 (FF)
  Requirement:          20.000ns
  Data Path Delay:      5.075ns (Levels of Logic = 3)
  Clock Path Skew:      -0.034ns (0.316 - 0.350)
  Source Clock:         clk_BUFGP rising at 0.000ns
  Destination Clock:    clk_BUFGP rising at 20.000ns
  Clock Uncertainty:    0.035ns

  Clock Uncertainty:          0.035ns  ((TSJ^2 + TIJ^2)^1/2 + DJ) / 2 + PE
    Total System Jitter (TSJ):  0.070ns
    Total Input Jitter (TIJ):   0.000ns
    Discrete Jitter (DJ):       0.000ns
    Phase Error (PE):           0.000ns

  Maximum Data Path at Slow Process Corner: buttonHandler/button_cond4/M_ctr_q_19 to buttonHandler/M_button_q_3
    Location             Delay type         Delay(ns)  Physical Resource
                                                       Logical Resource(s)
    -------------------------------------------------  -------------------
    SLICE_X2Y53.DQ       Tcko                  0.476   buttonHandler/button_cond4/M_ctr_q[19]
                                                       buttonHandler/button_cond4/M_ctr_q_19
    SLICE_X3Y51.D1       net (fanout=2)        1.197   buttonHandler/button_cond4/M_ctr_q[19]
    SLICE_X3Y51.D        Tilo                  0.259   buttonHandler/out1_3
                                                       buttonHandler/button_cond4/out2
    SLICE_X3Y51.B2       net (fanout=3)        0.557   buttonHandler/out1_3
    SLICE_X3Y51.B        Tilo                  0.259   buttonHandler/out1_3
                                                       buttonHandler/edge_detector4/Mmux_out11
    SLICE_X5Y53.C5       net (fanout=3)        1.046   buttonHandler/M_edge_detector4_out
    SLICE_X5Y53.C        Tilo                  0.259   buttonHandler/N23
                                                       buttonHandler/_n0047_inv
    SLICE_X10Y53.CE      net (fanout=3)        0.733   buttonHandler/_n0047_inv
    SLICE_X10Y53.CLK     Tceck                 0.289   M_buttonHandler_out[3]
                                                       buttonHandler/M_button_q_3
    -------------------------------------------------  ---------------------------
    Total                                      5.075ns (1.542ns logic, 3.533ns route)
                                                       (30.4% logic, 69.6% route)

--------------------------------------------------------------------------------
Slack:                  14.861ns (requirement - (data path - clock path skew + uncertainty))
  Source:               buttonHandler/button_cond/M_ctr_q_18 (FF)
  Destination:          buttonHandler/M_button_q_2 (FF)
  Requirement:          20.000ns
  Data Path Delay:      5.074ns (Levels of Logic = 4)
  Clock Path Skew:      -0.030ns (0.316 - 0.346)
  Source Clock:         clk_BUFGP rising at 0.000ns
  Destination Clock:    clk_BUFGP rising at 20.000ns
  Clock Uncertainty:    0.035ns

  Clock Uncertainty:          0.035ns  ((TSJ^2 + TIJ^2)^1/2 + DJ) / 2 + PE
    Total System Jitter (TSJ):  0.070ns
    Total Input Jitter (TIJ):   0.000ns
    Discrete Jitter (DJ):       0.000ns
    Phase Error (PE):           0.000ns

  Maximum Data Path at Slow Process Corner: buttonHandler/button_cond/M_ctr_q_18 to buttonHandler/M_button_q_2
    Location             Delay type         Delay(ns)  Physical Resource
                                                       Logical Resource(s)
    -------------------------------------------------  -------------------
    SLICE_X0Y55.CQ       Tcko                  0.525   buttonHandler/button_cond/M_ctr_q[19]
                                                       buttonHandler/button_cond/M_ctr_q_18
    SLICE_X1Y52.C1       net (fanout=2)        0.929   buttonHandler/button_cond/M_ctr_q[18]
    SLICE_X1Y52.C        Tilo                  0.259   buttonHandler/out1
                                                       buttonHandler/button_cond/out2
    SLICE_X1Y53.A4       net (fanout=2)        0.488   buttonHandler/out1
    SLICE_X1Y53.A        Tilo                  0.259   buttonHandler/M_last_q_0
                                                       buttonHandler/button_cond/out4
    SLICE_X5Y53.D4       net (fanout=1)        0.949   buttonHandler/M_button_cond_out
    SLICE_X5Y53.D        Tilo                  0.259   buttonHandler/N23
                                                       buttonHandler/_n0047_inv_SW0
    SLICE_X5Y53.C6       net (fanout=1)        0.143   buttonHandler/N23
    SLICE_X5Y53.C        Tilo                  0.259   buttonHandler/N23
                                                       buttonHandler/_n0047_inv
    SLICE_X10Y53.CE      net (fanout=3)        0.733   buttonHandler/_n0047_inv
    SLICE_X10Y53.CLK     Tceck                 0.271   M_buttonHandler_out[3]
                                                       buttonHandler/M_button_q_2
    -------------------------------------------------  ---------------------------
    Total                                      5.074ns (1.832ns logic, 3.242ns route)
                                                       (36.1% logic, 63.9% route)

--------------------------------------------------------------------------------
Slack:                  14.863ns (requirement - (data path - clock path skew + uncertainty))
  Source:               buttonHandler/button_cond2/M_ctr_q_16 (FF)
  Destination:          buttonHandler/M_button_q_4 (FF)
  Requirement:          20.000ns
  Data Path Delay:      5.088ns (Levels of Logic = 3)
  Clock Path Skew:      -0.014ns (0.316 - 0.330)
  Source Clock:         clk_BUFGP rising at 0.000ns
  Destination Clock:    clk_BUFGP rising at 20.000ns
  Clock Uncertainty:    0.035ns

  Clock Uncertainty:          0.035ns  ((TSJ^2 + TIJ^2)^1/2 + DJ) / 2 + PE
    Total System Jitter (TSJ):  0.070ns
    Total Input Jitter (TIJ):   0.000ns
    Discrete Jitter (DJ):       0.000ns
    Phase Error (PE):           0.000ns

  Maximum Data Path at Slow Process Corner: buttonHandler/button_cond2/M_ctr_q_16 to buttonHandler/M_button_q_4
    Location             Delay type         Delay(ns)  Physical Resource
                                                       Logical Resource(s)
    -------------------------------------------------  -------------------
    SLICE_X8Y56.AQ       Tcko                  0.525   buttonHandler/button_cond2/M_ctr_q[19]
                                                       buttonHandler/button_cond2/M_ctr_q_16
    SLICE_X9Y54.D2       net (fanout=2)        0.983   buttonHandler/button_cond2/M_ctr_q[16]
    SLICE_X9Y54.D        Tilo                  0.259   buttonHandler/out1_1
                                                       buttonHandler/button_cond2/out2
    SLICE_X10Y53.A3      net (fanout=3)        0.598   buttonHandler/out1_1
    SLICE_X10Y53.A       Tilo                  0.235   M_buttonHandler_out[3]
                                                       buttonHandler/edge_detector2/Mmux_out11
    SLICE_X5Y53.C4       net (fanout=4)        0.909   buttonHandler/M_edge_detector2_out
    SLICE_X5Y53.C        Tilo                  0.259   buttonHandler/N23
                                                       buttonHandler/_n0047_inv
    SLICE_X11Y53.CE      net (fanout=3)        0.938   buttonHandler/_n0047_inv
    SLICE_X11Y53.CLK     Tceck                 0.382   M_buttonHandler_out[4]
                                                       buttonHandler/M_button_q_4
    -------------------------------------------------  ---------------------------
    Total                                      5.088ns (1.660ns logic, 3.428ns route)
                                                       (32.6% logic, 67.4% route)

--------------------------------------------------------------------------------
Slack:                  14.863ns (requirement - (data path - clock path skew + uncertainty))
  Source:               buttonHandler/button_cond/M_ctr_q_15 (FF)
  Destination:          buttonHandler/M_button_q_3 (FF)
  Requirement:          20.000ns
  Data Path Delay:      5.070ns (Levels of Logic = 4)
  Clock Path Skew:      -0.032ns (0.316 - 0.348)
  Source Clock:         clk_BUFGP rising at 0.000ns
  Destination Clock:    clk_BUFGP rising at 20.000ns
  Clock Uncertainty:    0.035ns

  Clock Uncertainty:          0.035ns  ((TSJ^2 + TIJ^2)^1/2 + DJ) / 2 + PE
    Total System Jitter (TSJ):  0.070ns
    Total Input Jitter (TIJ):   0.000ns
    Discrete Jitter (DJ):       0.000ns
    Phase Error (PE):           0.000ns

  Maximum Data Path at Slow Process Corner: buttonHandler/button_cond/M_ctr_q_15 to buttonHandler/M_button_q_3
    Location             Delay type         Delay(ns)  Physical Resource
                                                       Logical Resource(s)
    -------------------------------------------------  -------------------
    SLICE_X0Y54.DQ       Tcko                  0.525   buttonHandler/button_cond/M_ctr_q[15]
                                                       buttonHandler/button_cond/M_ctr_q_15
    SLICE_X1Y52.C2       net (fanout=2)        0.907   buttonHandler/button_cond/M_ctr_q[15]
    SLICE_X1Y52.C        Tilo                  0.259   buttonHandler/out1
                                                       buttonHandler/button_cond/out2
    SLICE_X1Y53.A4       net (fanout=2)        0.488   buttonHandler/out1
    SLICE_X1Y53.A        Tilo                  0.259   buttonHandler/M_last_q_0
                                                       buttonHandler/button_cond/out4
    SLICE_X5Y53.D4       net (fanout=1)        0.949   buttonHandler/M_button_cond_out
    SLICE_X5Y53.D        Tilo                  0.259   buttonHandler/N23
                                                       buttonHandler/_n0047_inv_SW0
    SLICE_X5Y53.C6       net (fanout=1)        0.143   buttonHandler/N23
    SLICE_X5Y53.C        Tilo                  0.259   buttonHandler/N23
                                                       buttonHandler/_n0047_inv
    SLICE_X10Y53.CE      net (fanout=3)        0.733   buttonHandler/_n0047_inv
    SLICE_X10Y53.CLK     Tceck                 0.289   M_buttonHandler_out[3]
                                                       buttonHandler/M_button_q_3
    -------------------------------------------------  ---------------------------
    Total                                      5.070ns (1.850ns logic, 3.220ns route)
                                                       (36.5% logic, 63.5% route)

--------------------------------------------------------------------------------
Slack:                  14.863ns (requirement - (data path - clock path skew + uncertainty))
  Source:               buttonHandler/button_cond/M_ctr_q_16 (FF)
  Destination:          buttonHandler/M_button_q_4 (FF)
  Requirement:          20.000ns
  Data Path Delay:      5.072ns (Levels of Logic = 4)
  Clock Path Skew:      -0.030ns (0.316 - 0.346)
  Source Clock:         clk_BUFGP rising at 0.000ns
  Destination Clock:    clk_BUFGP rising at 20.000ns
  Clock Uncertainty:    0.035ns

  Clock Uncertainty:          0.035ns  ((TSJ^2 + TIJ^2)^1/2 + DJ) / 2 + PE
    Total System Jitter (TSJ):  0.070ns
    Total Input Jitter (TIJ):   0.000ns
    Discrete Jitter (DJ):       0.000ns
    Phase Error (PE):           0.000ns

  Maximum Data Path at Slow Process Corner: buttonHandler/button_cond/M_ctr_q_16 to buttonHandler/M_button_q_4
    Location             Delay type         Delay(ns)  Physical Resource
                                                       Logical Resource(s)
    -------------------------------------------------  -------------------
    SLICE_X0Y55.AQ       Tcko                  0.525   buttonHandler/button_cond/M_ctr_q[19]
                                                       buttonHandler/button_cond/M_ctr_q_16
    SLICE_X1Y52.C5       net (fanout=2)        0.611   buttonHandler/button_cond/M_ctr_q[16]
    SLICE_X1Y52.C        Tilo                  0.259   buttonHandler/out1
                                                       buttonHandler/button_cond/out2
    SLICE_X1Y53.A4       net (fanout=2)        0.488   buttonHandler/out1
    SLICE_X1Y53.A        Tilo                  0.259   buttonHandler/M_last_q_0
                                                       buttonHandler/button_cond/out4
    SLICE_X5Y53.D4       net (fanout=1)        0.949   buttonHandler/M_button_cond_out
    SLICE_X5Y53.D        Tilo                  0.259   buttonHandler/N23
                                                       buttonHandler/_n0047_inv_SW0
    SLICE_X5Y53.C6       net (fanout=1)        0.143   buttonHandler/N23
    SLICE_X5Y53.C        Tilo                  0.259   buttonHandler/N23
                                                       buttonHandler/_n0047_inv
    SLICE_X11Y53.CE      net (fanout=3)        0.938   buttonHandler/_n0047_inv
    SLICE_X11Y53.CLK     Tceck                 0.382   M_buttonHandler_out[4]
                                                       buttonHandler/M_button_q_4
    -------------------------------------------------  ---------------------------
    Total                                      5.072ns (1.943ns logic, 3.129ns route)
                                                       (38.3% logic, 61.7% route)

--------------------------------------------------------------------------------
Slack:                  14.868ns (requirement - (data path - clock path skew + uncertainty))
  Source:               buttonHandler/button_cond/M_ctr_q_13 (FF)
  Destination:          buttonHandler/M_button_q_3 (FF)
  Requirement:          20.000ns
  Data Path Delay:      5.065ns (Levels of Logic = 4)
  Clock Path Skew:      -0.032ns (0.316 - 0.348)
  Source Clock:         clk_BUFGP rising at 0.000ns
  Destination Clock:    clk_BUFGP rising at 20.000ns
  Clock Uncertainty:    0.035ns

  Clock Uncertainty:          0.035ns  ((TSJ^2 + TIJ^2)^1/2 + DJ) / 2 + PE
    Total System Jitter (TSJ):  0.070ns
    Total Input Jitter (TIJ):   0.000ns
    Discrete Jitter (DJ):       0.000ns
    Phase Error (PE):           0.000ns

  Maximum Data Path at Slow Process Corner: buttonHandler/button_cond/M_ctr_q_13 to buttonHandler/M_button_q_3
    Location             Delay type         Delay(ns)  Physical Resource
                                                       Logical Resource(s)
    -------------------------------------------------  -------------------
    SLICE_X0Y54.BQ       Tcko                  0.525   buttonHandler/button_cond/M_ctr_q[15]
                                                       buttonHandler/button_cond/M_ctr_q_13
    SLICE_X1Y53.B1       net (fanout=2)        1.154   buttonHandler/button_cond/M_ctr_q[13]
    SLICE_X1Y53.B        Tilo                  0.259   buttonHandler/M_last_q_0
                                                       buttonHandler/button_cond/out3
    SLICE_X1Y53.A5       net (fanout=2)        0.236   buttonHandler/out2
    SLICE_X1Y53.A        Tilo                  0.259   buttonHandler/M_last_q_0
                                                       buttonHandler/button_cond/out4
    SLICE_X5Y53.D4       net (fanout=1)        0.949   buttonHandler/M_button_cond_out
    SLICE_X5Y53.D        Tilo                  0.259   buttonHandler/N23
                                                       buttonHandler/_n0047_inv_SW0
    SLICE_X5Y53.C6       net (fanout=1)        0.143   buttonHandler/N23
    SLICE_X5Y53.C        Tilo                  0.259   buttonHandler/N23
                                                       buttonHandler/_n0047_inv
    SLICE_X10Y53.CE      net (fanout=3)        0.733   buttonHandler/_n0047_inv
    SLICE_X10Y53.CLK     Tceck                 0.289   M_buttonHandler_out[3]
                                                       buttonHandler/M_button_q_3
    -------------------------------------------------  ---------------------------
    Total                                      5.065ns (1.850ns logic, 3.215ns route)
                                                       (36.5% logic, 63.5% route)

--------------------------------------------------------------------------------
Slack:                  14.874ns (requirement - (data path - clock path skew + uncertainty))
  Source:               buttonHandler/button_cond4/M_ctr_q_19 (FF)
  Destination:          buttonHandler/M_button_q_2 (FF)
  Requirement:          20.000ns
  Data Path Delay:      5.057ns (Levels of Logic = 3)
  Clock Path Skew:      -0.034ns (0.316 - 0.350)
  Source Clock:         clk_BUFGP rising at 0.000ns
  Destination Clock:    clk_BUFGP rising at 20.000ns
  Clock Uncertainty:    0.035ns

  Clock Uncertainty:          0.035ns  ((TSJ^2 + TIJ^2)^1/2 + DJ) / 2 + PE
    Total System Jitter (TSJ):  0.070ns
    Total Input Jitter (TIJ):   0.000ns
    Discrete Jitter (DJ):       0.000ns
    Phase Error (PE):           0.000ns

  Maximum Data Path at Slow Process Corner: buttonHandler/button_cond4/M_ctr_q_19 to buttonHandler/M_button_q_2
    Location             Delay type         Delay(ns)  Physical Resource
                                                       Logical Resource(s)
    -------------------------------------------------  -------------------
    SLICE_X2Y53.DQ       Tcko                  0.476   buttonHandler/button_cond4/M_ctr_q[19]
                                                       buttonHandler/button_cond4/M_ctr_q_19
    SLICE_X3Y51.D1       net (fanout=2)        1.197   buttonHandler/button_cond4/M_ctr_q[19]
    SLICE_X3Y51.D        Tilo                  0.259   buttonHandler/out1_3
                                                       buttonHandler/button_cond4/out2
    SLICE_X3Y51.B2       net (fanout=3)        0.557   buttonHandler/out1_3
    SLICE_X3Y51.B        Tilo                  0.259   buttonHandler/out1_3
                                                       buttonHandler/edge_detector4/Mmux_out11
    SLICE_X5Y53.C5       net (fanout=3)        1.046   buttonHandler/M_edge_detector4_out
    SLICE_X5Y53.C        Tilo                  0.259   buttonHandler/N23
                                                       buttonHandler/_n0047_inv
    SLICE_X10Y53.CE      net (fanout=3)        0.733   buttonHandler/_n0047_inv
    SLICE_X10Y53.CLK     Tceck                 0.271   M_buttonHandler_out[3]
                                                       buttonHandler/M_button_q_2
    -------------------------------------------------  ---------------------------
    Total                                      5.057ns (1.524ns logic, 3.533ns route)
                                                       (30.1% logic, 69.9% route)

--------------------------------------------------------------------------------
Slack:                  14.879ns (requirement - (data path - clock path skew + uncertainty))
  Source:               buttonHandler/button_cond1/M_ctr_q_4 (FF)
  Destination:          buttonHandler/M_button_q_4 (FF)
  Requirement:          20.000ns
  Data Path Delay:      5.104ns (Levels of Logic = 3)
  Clock Path Skew:      0.018ns (0.682 - 0.664)
  Source Clock:         clk_BUFGP rising at 0.000ns
  Destination Clock:    clk_BUFGP rising at 20.000ns
  Clock Uncertainty:    0.035ns

  Clock Uncertainty:          0.035ns  ((TSJ^2 + TIJ^2)^1/2 + DJ) / 2 + PE
    Total System Jitter (TSJ):  0.070ns
    Total Input Jitter (TIJ):   0.000ns
    Discrete Jitter (DJ):       0.000ns
    Phase Error (PE):           0.000ns

  Maximum Data Path at Slow Process Corner: buttonHandler/button_cond1/M_ctr_q_4 to buttonHandler/M_button_q_4
    Location             Delay type         Delay(ns)  Physical Resource
                                                       Logical Resource(s)
    -------------------------------------------------  -------------------
    SLICE_X2Y43.AQ       Tcko                  0.476   buttonHandler/button_cond1/M_ctr_q[7]
                                                       buttonHandler/button_cond1/M_ctr_q_4
    SLICE_X3Y44.C2       net (fanout=2)        0.724   buttonHandler/button_cond1/M_ctr_q[4]
    SLICE_X3Y44.C        Tilo                  0.259   buttonHandler/out1_0
                                                       buttonHandler/button_cond1/out1
    SLICE_X3Y44.B4       net (fanout=3)        0.366   buttonHandler/out_0
    SLICE_X3Y44.B        Tilo                  0.259   buttonHandler/out1_0
                                                       buttonHandler/edge_detector1/Mmux_out11
    SLICE_X5Y53.C3       net (fanout=4)        1.441   buttonHandler/M_edge_detector1_out
    SLICE_X5Y53.C        Tilo                  0.259   buttonHandler/N23
                                                       buttonHandler/_n0047_inv
    SLICE_X11Y53.CE      net (fanout=3)        0.938   buttonHandler/_n0047_inv
    SLICE_X11Y53.CLK     Tceck                 0.382   M_buttonHandler_out[4]
                                                       buttonHandler/M_button_q_4
    -------------------------------------------------  ---------------------------
    Total                                      5.104ns (1.635ns logic, 3.469ns route)
                                                       (32.0% logic, 68.0% route)

--------------------------------------------------------------------------------
Slack:                  14.881ns (requirement - (data path - clock path skew + uncertainty))
  Source:               buttonHandler/button_cond/M_ctr_q_15 (FF)
  Destination:          buttonHandler/M_button_q_2 (FF)
  Requirement:          20.000ns
  Data Path Delay:      5.052ns (Levels of Logic = 4)
  Clock Path Skew:      -0.032ns (0.316 - 0.348)
  Source Clock:         clk_BUFGP rising at 0.000ns
  Destination Clock:    clk_BUFGP rising at 20.000ns
  Clock Uncertainty:    0.035ns

  Clock Uncertainty:          0.035ns  ((TSJ^2 + TIJ^2)^1/2 + DJ) / 2 + PE
    Total System Jitter (TSJ):  0.070ns
    Total Input Jitter (TIJ):   0.000ns
    Discrete Jitter (DJ):       0.000ns
    Phase Error (PE):           0.000ns

  Maximum Data Path at Slow Process Corner: buttonHandler/button_cond/M_ctr_q_15 to buttonHandler/M_button_q_2
    Location             Delay type         Delay(ns)  Physical Resource
                                                       Logical Resource(s)
    -------------------------------------------------  -------------------
    SLICE_X0Y54.DQ       Tcko                  0.525   buttonHandler/button_cond/M_ctr_q[15]
                                                       buttonHandler/button_cond/M_ctr_q_15
    SLICE_X1Y52.C2       net (fanout=2)        0.907   buttonHandler/button_cond/M_ctr_q[15]
    SLICE_X1Y52.C        Tilo                  0.259   buttonHandler/out1
                                                       buttonHandler/button_cond/out2
    SLICE_X1Y53.A4       net (fanout=2)        0.488   buttonHandler/out1
    SLICE_X1Y53.A        Tilo                  0.259   buttonHandler/M_last_q_0
                                                       buttonHandler/button_cond/out4
    SLICE_X5Y53.D4       net (fanout=1)        0.949   buttonHandler/M_button_cond_out
    SLICE_X5Y53.D        Tilo                  0.259   buttonHandler/N23
                                                       buttonHandler/_n0047_inv_SW0
    SLICE_X5Y53.C6       net (fanout=1)        0.143   buttonHandler/N23
    SLICE_X5Y53.C        Tilo                  0.259   buttonHandler/N23
                                                       buttonHandler/_n0047_inv
    SLICE_X10Y53.CE      net (fanout=3)        0.733   buttonHandler/_n0047_inv
    SLICE_X10Y53.CLK     Tceck                 0.271   M_buttonHandler_out[3]
                                                       buttonHandler/M_button_q_2
    -------------------------------------------------  ---------------------------
    Total                                      5.052ns (1.832ns logic, 3.220ns route)
                                                       (36.3% logic, 63.7% route)

--------------------------------------------------------------------------------
Slack:                  14.886ns (requirement - (data path - clock path skew + uncertainty))
  Source:               buttonHandler/button_cond/M_ctr_q_13 (FF)
  Destination:          buttonHandler/M_button_q_2 (FF)
  Requirement:          20.000ns
  Data Path Delay:      5.047ns (Levels of Logic = 4)
  Clock Path Skew:      -0.032ns (0.316 - 0.348)
  Source Clock:         clk_BUFGP rising at 0.000ns
  Destination Clock:    clk_BUFGP rising at 20.000ns
  Clock Uncertainty:    0.035ns

  Clock Uncertainty:          0.035ns  ((TSJ^2 + TIJ^2)^1/2 + DJ) / 2 + PE
    Total System Jitter (TSJ):  0.070ns
    Total Input Jitter (TIJ):   0.000ns
    Discrete Jitter (DJ):       0.000ns
    Phase Error (PE):           0.000ns

  Maximum Data Path at Slow Process Corner: buttonHandler/button_cond/M_ctr_q_13 to buttonHandler/M_button_q_2
    Location             Delay type         Delay(ns)  Physical Resource
                                                       Logical Resource(s)
    -------------------------------------------------  -------------------
    SLICE_X0Y54.BQ       Tcko                  0.525   buttonHandler/button_cond/M_ctr_q[15]
                                                       buttonHandler/button_cond/M_ctr_q_13
    SLICE_X1Y53.B1       net (fanout=2)        1.154   buttonHandler/button_cond/M_ctr_q[13]
    SLICE_X1Y53.B        Tilo                  0.259   buttonHandler/M_last_q_0
                                                       buttonHandler/button_cond/out3
    SLICE_X1Y53.A5       net (fanout=2)        0.236   buttonHandler/out2
    SLICE_X1Y53.A        Tilo                  0.259   buttonHandler/M_last_q_0
                                                       buttonHandler/button_cond/out4
    SLICE_X5Y53.D4       net (fanout=1)        0.949   buttonHandler/M_button_cond_out
    SLICE_X5Y53.D        Tilo                  0.259   buttonHandler/N23
                                                       buttonHandler/_n0047_inv_SW0
    SLICE_X5Y53.C6       net (fanout=1)        0.143   buttonHandler/N23
    SLICE_X5Y53.C        Tilo                  0.259   buttonHandler/N23
                                                       buttonHandler/_n0047_inv
    SLICE_X10Y53.CE      net (fanout=3)        0.733   buttonHandler/_n0047_inv
    SLICE_X10Y53.CLK     Tceck                 0.271   M_buttonHandler_out[3]
                                                       buttonHandler/M_button_q_2
    -------------------------------------------------  ---------------------------
    Total                                      5.047ns (1.832ns logic, 3.215ns route)
                                                       (36.3% logic, 63.7% route)

--------------------------------------------------------------------------------
Slack:                  14.889ns (requirement - (data path - clock path skew + uncertainty))
  Source:               buttonHandler/button_cond1/M_ctr_q_7 (FF)
  Destination:          buttonHandler/M_button_q_4 (FF)
  Requirement:          20.000ns
  Data Path Delay:      5.094ns (Levels of Logic = 3)
  Clock Path Skew:      0.018ns (0.682 - 0.664)
  Source Clock:         clk_BUFGP rising at 0.000ns
  Destination Clock:    clk_BUFGP rising at 20.000ns
  Clock Uncertainty:    0.035ns

  Clock Uncertainty:          0.035ns  ((TSJ^2 + TIJ^2)^1/2 + DJ) / 2 + PE
    Total System Jitter (TSJ):  0.070ns
    Total Input Jitter (TIJ):   0.000ns
    Discrete Jitter (DJ):       0.000ns
    Phase Error (PE):           0.000ns

  Maximum Data Path at Slow Process Corner: buttonHandler/button_cond1/M_ctr_q_7 to buttonHandler/M_button_q_4
    Location             Delay type         Delay(ns)  Physical Resource
                                                       Logical Resource(s)
    -------------------------------------------------  -------------------
    SLICE_X2Y43.DQ       Tcko                  0.476   buttonHandler/button_cond1/M_ctr_q[7]
                                                       buttonHandler/button_cond1/M_ctr_q_7
    SLICE_X3Y44.C1       net (fanout=2)        0.714   buttonHandler/button_cond1/M_ctr_q[7]
    SLICE_X3Y44.C        Tilo                  0.259   buttonHandler/out1_0
                                                       buttonHandler/button_cond1/out1
    SLICE_X3Y44.B4       net (fanout=3)        0.366   buttonHandler/out_0
    SLICE_X3Y44.B        Tilo                  0.259   buttonHandler/out1_0
                                                       buttonHandler/edge_detector1/Mmux_out11
    SLICE_X5Y53.C3       net (fanout=4)        1.441   buttonHandler/M_edge_detector1_out
    SLICE_X5Y53.C        Tilo                  0.259   buttonHandler/N23
                                                       buttonHandler/_n0047_inv
    SLICE_X11Y53.CE      net (fanout=3)        0.938   buttonHandler/_n0047_inv
    SLICE_X11Y53.CLK     Tceck                 0.382   M_buttonHandler_out[4]
                                                       buttonHandler/M_button_q_4
    -------------------------------------------------  ---------------------------
    Total                                      5.094ns (1.635ns logic, 3.459ns route)
                                                       (32.1% logic, 67.9% route)

--------------------------------------------------------------------------------

Component Switching Limit Checks: TS_clk = PERIOD TIMEGRP "clk" 50 MHz HIGH 50%;
--------------------------------------------------------------------------------
Slack: 17.334ns (period - min period limit)
  Period: 20.000ns
  Min period limit: 2.666ns (375.094MHz) (Tbcper_I)
  Physical resource: clk_BUFGP/BUFG/I0
  Logical resource: clk_BUFGP/BUFG/I0
  Location pin: BUFGMUX_X2Y11.I0
  Clock network: clk_BUFGP/IBUFG
--------------------------------------------------------------------------------
Slack: 18.601ns (period - min period limit)
  Period: 20.000ns
  Min period limit: 1.399ns (714.796MHz) (Tcp)
  Physical resource: buttonHandler/button_cond4/M_sync_out/CLK
  Logical resource: buttonHandler/button_cond/sync/Mshreg_M_pipe_q_1/CLK
  Location pin: SLICE_X0Y57.CLK
  Clock network: clk_BUFGP
--------------------------------------------------------------------------------
Slack: 18.601ns (period - min period limit)
  Period: 20.000ns
  Min period limit: 1.399ns (714.796MHz) (Tcp)
  Physical resource: buttonHandler/button_cond4/M_sync_out/CLK
  Logical resource: buttonHandler/button_cond1/sync/Mshreg_M_pipe_q_1/CLK
  Location pin: SLICE_X0Y57.CLK
  Clock network: clk_BUFGP
--------------------------------------------------------------------------------
Slack: 18.601ns (period - min period limit)
  Period: 20.000ns
  Min period limit: 1.399ns (714.796MHz) (Tcp)
  Physical resource: buttonHandler/button_cond4/M_sync_out/CLK
  Logical resource: buttonHandler/button_cond2/sync/Mshreg_M_pipe_q_1/CLK
  Location pin: SLICE_X0Y57.CLK
  Clock network: clk_BUFGP
--------------------------------------------------------------------------------
Slack: 18.601ns (period - min period limit)
  Period: 20.000ns
  Min period limit: 1.399ns (714.796MHz) (Tcp)
  Physical resource: buttonHandler/button_cond4/M_sync_out/CLK
  Logical resource: buttonHandler/button_cond3/sync/Mshreg_M_pipe_q_1/CLK
  Location pin: SLICE_X0Y57.CLK
  Clock network: clk_BUFGP
--------------------------------------------------------------------------------
Slack: 18.601ns (period - min period limit)
  Period: 20.000ns
  Min period limit: 1.399ns (714.796MHz) (Tcp)
  Physical resource: buttonHandler/button_cond4/M_sync_out/CLK
  Logical resource: buttonHandler/button_cond4/sync/Mshreg_M_pipe_q_1/CLK
  Location pin: SLICE_X0Y57.CLK
  Clock network: clk_BUFGP
--------------------------------------------------------------------------------
Slack: 19.520ns (period - min period limit)
  Period: 20.000ns
  Min period limit: 0.480ns (2083.333MHz) (Tcp)
  Physical resource: buttonHandler/button_cond/M_ctr_q[3]/CLK
  Logical resource: buttonHandler/button_cond/M_ctr_q_0/CK
  Location pin: SLICE_X0Y51.CLK
  Clock network: clk_BUFGP
--------------------------------------------------------------------------------
Slack: 19.520ns (period - min period limit)
  Period: 20.000ns
  Min period limit: 0.480ns (2083.333MHz) (Tcp)
  Physical resource: buttonHandler/button_cond/M_ctr_q[3]/CLK
  Logical resource: buttonHandler/button_cond/M_ctr_q_1/CK
  Location pin: SLICE_X0Y51.CLK
  Clock network: clk_BUFGP
--------------------------------------------------------------------------------
Slack: 19.520ns (period - min period limit)
  Period: 20.000ns
  Min period limit: 0.480ns (2083.333MHz) (Tcp)
  Physical resource: buttonHandler/button_cond/M_ctr_q[3]/CLK
  Logical resource: buttonHandler/button_cond/M_ctr_q_2/CK
  Location pin: SLICE_X0Y51.CLK
  Clock network: clk_BUFGP
--------------------------------------------------------------------------------
Slack: 19.520ns (period - min period limit)
  Period: 20.000ns
  Min period limit: 0.480ns (2083.333MHz) (Tcp)
  Physical resource: buttonHandler/button_cond/M_ctr_q[3]/CLK
  Logical resource: buttonHandler/button_cond/M_ctr_q_3/CK
  Location pin: SLICE_X0Y51.CLK
  Clock network: clk_BUFGP
--------------------------------------------------------------------------------
Slack: 19.520ns (period - min period limit)
  Period: 20.000ns
  Min period limit: 0.480ns (2083.333MHz) (Tcp)
  Physical resource: buttonHandler/button_cond/M_ctr_q[7]/CLK
  Logical resource: buttonHandler/button_cond/M_ctr_q_4/CK
  Location pin: SLICE_X0Y52.CLK
  Clock network: clk_BUFGP
--------------------------------------------------------------------------------
Slack: 19.520ns (period - min period limit)
  Period: 20.000ns
  Min period limit: 0.480ns (2083.333MHz) (Tcp)
  Physical resource: buttonHandler/button_cond/M_ctr_q[7]/CLK
  Logical resource: buttonHandler/button_cond/M_ctr_q_5/CK
  Location pin: SLICE_X0Y52.CLK
  Clock network: clk_BUFGP
--------------------------------------------------------------------------------
Slack: 19.520ns (period - min period limit)
  Period: 20.000ns
  Min period limit: 0.480ns (2083.333MHz) (Tcp)
  Physical resource: buttonHandler/button_cond/M_ctr_q[7]/CLK
  Logical resource: buttonHandler/button_cond/M_ctr_q_6/CK
  Location pin: SLICE_X0Y52.CLK
  Clock network: clk_BUFGP
--------------------------------------------------------------------------------
Slack: 19.520ns (period - min period limit)
  Period: 20.000ns
  Min period limit: 0.480ns (2083.333MHz) (Tcp)
  Physical resource: buttonHandler/button_cond/M_ctr_q[7]/CLK
  Logical resource: buttonHandler/button_cond/M_ctr_q_7/CK
  Location pin: SLICE_X0Y52.CLK
  Clock network: clk_BUFGP
--------------------------------------------------------------------------------
Slack: 19.520ns (period - min period limit)
  Period: 20.000ns
  Min period limit: 0.480ns (2083.333MHz) (Tcp)
  Physical resource: buttonHandler/button_cond/M_ctr_q[11]/CLK
  Logical resource: buttonHandler/button_cond/M_ctr_q_8/CK
  Location pin: SLICE_X0Y53.CLK
  Clock network: clk_BUFGP
--------------------------------------------------------------------------------
Slack: 19.520ns (period - min period limit)
  Period: 20.000ns
  Min period limit: 0.480ns (2083.333MHz) (Tcp)
  Physical resource: buttonHandler/button_cond/M_ctr_q[11]/CLK
  Logical resource: buttonHandler/button_cond/M_ctr_q_9/CK
  Location pin: SLICE_X0Y53.CLK
  Clock network: clk_BUFGP
--------------------------------------------------------------------------------
Slack: 19.520ns (period - min period limit)
  Period: 20.000ns
  Min period limit: 0.480ns (2083.333MHz) (Tcp)
  Physical resource: buttonHandler/button_cond/M_ctr_q[11]/CLK
  Logical resource: buttonHandler/button_cond/M_ctr_q_10/CK
  Location pin: SLICE_X0Y53.CLK
  Clock network: clk_BUFGP
--------------------------------------------------------------------------------
Slack: 19.520ns (period - min period limit)
  Period: 20.000ns
  Min period limit: 0.480ns (2083.333MHz) (Tcp)
  Physical resource: buttonHandler/button_cond/M_ctr_q[11]/CLK
  Logical resource: buttonHandler/button_cond/M_ctr_q_11/CK
  Location pin: SLICE_X0Y53.CLK
  Clock network: clk_BUFGP
--------------------------------------------------------------------------------
Slack: 19.520ns (period - min period limit)
  Period: 20.000ns
  Min period limit: 0.480ns (2083.333MHz) (Tcp)
  Physical resource: buttonHandler/button_cond/M_ctr_q[15]/CLK
  Logical resource: buttonHandler/button_cond/M_ctr_q_12/CK
  Location pin: SLICE_X0Y54.CLK
  Clock network: clk_BUFGP
--------------------------------------------------------------------------------
Slack: 19.520ns (period - min period limit)
  Period: 20.000ns
  Min period limit: 0.480ns (2083.333MHz) (Tcp)
  Physical resource: buttonHandler/button_cond/M_ctr_q[15]/CLK
  Logical resource: buttonHandler/button_cond/M_ctr_q_13/CK
  Location pin: SLICE_X0Y54.CLK
  Clock network: clk_BUFGP
--------------------------------------------------------------------------------
Slack: 19.520ns (period - min period limit)
  Period: 20.000ns
  Min period limit: 0.480ns (2083.333MHz) (Tcp)
  Physical resource: buttonHandler/button_cond/M_ctr_q[15]/CLK
  Logical resource: buttonHandler/button_cond/M_ctr_q_14/CK
  Location pin: SLICE_X0Y54.CLK
  Clock network: clk_BUFGP
--------------------------------------------------------------------------------
Slack: 19.520ns (period - min period limit)
  Period: 20.000ns
  Min period limit: 0.480ns (2083.333MHz) (Tcp)
  Physical resource: buttonHandler/button_cond/M_ctr_q[15]/CLK
  Logical resource: buttonHandler/button_cond/M_ctr_q_15/CK
  Location pin: SLICE_X0Y54.CLK
  Clock network: clk_BUFGP
--------------------------------------------------------------------------------
Slack: 19.520ns (period - min period limit)
  Period: 20.000ns
  Min period limit: 0.480ns (2083.333MHz) (Tcp)
  Physical resource: buttonHandler/button_cond/M_ctr_q[19]/CLK
  Logical resource: buttonHandler/button_cond/M_ctr_q_16/CK
  Location pin: SLICE_X0Y55.CLK
  Clock network: clk_BUFGP
--------------------------------------------------------------------------------
Slack: 19.520ns (period - min period limit)
  Period: 20.000ns
  Min period limit: 0.480ns (2083.333MHz) (Tcp)
  Physical resource: buttonHandler/button_cond/M_ctr_q[19]/CLK
  Logical resource: buttonHandler/button_cond/M_ctr_q_17/CK
  Location pin: SLICE_X0Y55.CLK
  Clock network: clk_BUFGP
--------------------------------------------------------------------------------
Slack: 19.520ns (period - min period limit)
  Period: 20.000ns
  Min period limit: 0.480ns (2083.333MHz) (Tcp)
  Physical resource: buttonHandler/button_cond/M_ctr_q[19]/CLK
  Logical resource: buttonHandler/button_cond/M_ctr_q_18/CK
  Location pin: SLICE_X0Y55.CLK
  Clock network: clk_BUFGP
--------------------------------------------------------------------------------
Slack: 19.520ns (period - min period limit)
  Period: 20.000ns
  Min period limit: 0.480ns (2083.333MHz) (Tcp)
  Physical resource: buttonHandler/button_cond/M_ctr_q[19]/CLK
  Logical resource: buttonHandler/button_cond/M_ctr_q_19/CK
  Location pin: SLICE_X0Y55.CLK
  Clock network: clk_BUFGP
--------------------------------------------------------------------------------
Slack: 19.520ns (period - min period limit)
  Period: 20.000ns
  Min period limit: 0.480ns (2083.333MHz) (Tcp)
  Physical resource: buttonHandler/button_cond2/M_ctr_q[3]/CLK
  Logical resource: buttonHandler/button_cond2/M_ctr_q_0/CK
  Location pin: SLICE_X8Y52.CLK
  Clock network: clk_BUFGP
--------------------------------------------------------------------------------
Slack: 19.520ns (period - min period limit)
  Period: 20.000ns
  Min period limit: 0.480ns (2083.333MHz) (Tcp)
  Physical resource: buttonHandler/button_cond2/M_ctr_q[3]/CLK
  Logical resource: buttonHandler/button_cond2/M_ctr_q_1/CK
  Location pin: SLICE_X8Y52.CLK
  Clock network: clk_BUFGP
--------------------------------------------------------------------------------
Slack: 19.520ns (period - min period limit)
  Period: 20.000ns
  Min period limit: 0.480ns (2083.333MHz) (Tcp)
  Physical resource: buttonHandler/button_cond2/M_ctr_q[3]/CLK
  Logical resource: buttonHandler/button_cond2/M_ctr_q_2/CK
  Location pin: SLICE_X8Y52.CLK
  Clock network: clk_BUFGP
--------------------------------------------------------------------------------
Slack: 19.520ns (period - min period limit)
  Period: 20.000ns
  Min period limit: 0.480ns (2083.333MHz) (Tcp)
  Physical resource: buttonHandler/button_cond2/M_ctr_q[3]/CLK
  Logical resource: buttonHandler/button_cond2/M_ctr_q_3/CK
  Location pin: SLICE_X8Y52.CLK
  Clock network: clk_BUFGP
--------------------------------------------------------------------------------


All constraints were met.


Data Sheet report:
-----------------
All values displayed in nanoseconds (ns)

Clock to Setup on destination clock clk
---------------+---------+---------+---------+---------+
               | Src:Rise| Src:Fall| Src:Rise| Src:Fall|
Source Clock   |Dest:Rise|Dest:Rise|Dest:Fall|Dest:Fall|
---------------+---------+---------+---------+---------+
clk            |    5.790|         |         |         |
---------------+---------+---------+---------+---------+


Timing summary:
---------------

Timing errors: 0  Score: 0  (Setup/Max: 0, Hold: 0)

Constraints cover 4158 paths, 0 nets, and 434 connections

Design statistics:
   Minimum period:   5.790ns{1}   (Maximum frequency: 172.712MHz)


------------------------------------Footnotes-----------------------------------
1)  The minimum period statistic assumes all single cycle delays.

Analysis completed Mon Dec 12 23:18:40 2016 
--------------------------------------------------------------------------------

Trace Settings:
-------------------------
Trace Settings 

Peak Memory Usage: 220 MB



